#
# There is insufficient memory for the Java Runtime Environment to continue.
# Native memory allocation (malloc) failed to allocate 403936 bytes. Error detail: Chunk::new
# Possible reasons:
#   The system is out of physical RAM or swap space
#   This process is running with CompressedOops enabled, and the Java Heap may be blocking the growth of the native heap
# Possible solutions:
#   Reduce memory load on the system
#   Increase physical memory or swap space
#   Check if swap backing store is full
#   Decrease Java heap size (-Xmx/-Xms)
#   Decrease number of Java threads
#   Decrease Java thread stack sizes (-Xss)
#   Set larger code cache with -XX:ReservedCodeCacheSize=
#   JVM is running with Unscaled Compressed Oops mode in which the Java heap is
#     placed in the first 4GB address space. The Java Heap base address is the
#     maximum limit for the native heap growth. Please use -XX:HeapBaseMinAddress
#     to set the Java Heap base and to place the Java Heap above 4GB virtual address.
# This output file may be truncated or incomplete.
#
#  Out of Memory Error (arena.cpp:168), pid=16800, tid=15980
#
# JRE version: OpenJDK Runtime Environment Temurin-21.0.12.1+1 (21.0.12.1+1) (build 21.0.12.1+1-LTS)
# Java VM: OpenJDK 64-Bit Server VM Temurin-21.0.12.1+1 (21.0.12.1+1-LTS, mixed mode, sharing, tiered, compressed oops, compressed class ptrs, parallel gc, windows-amd64)
# No core dump will be written. Minidumps are not enabled by default on client versions of Windows
#

---------------  S U M M A R Y ------------

Command Line: --add-modules=ALL-SYSTEM --add-opens=java.base/java.util=ALL-UNNAMED --add-opens=java.base/java.lang=ALL-UNNAMED --add-opens=java.base/sun.nio.fs=ALL-UNNAMED -Declipse.application=org.eclipse.jdt.ls.core.id1 -Dosgi.bundles.defaultStartLevel=4 -Declipse.product=org.eclipse.jdt.ls.core.product -Djava.import.generatesMetadataFilesAtProjectRoot=false -Dm2e.project.cache.size=50 -DDetectVMInstallationsJob.disabled=true -Dfile.encoding=utf8 -XX:+UseParallelGC -XX:GCTimeRatio=4 -XX:AdaptiveSizePolicyWeight=90 -Dsun.zip.disableMemoryMapping=true -Xmx2G -Xms100m -Xlog:disable -javaagent:c:\Users\lenovo\.vscode\extensions\redhat.java-1.56.0-win32-x64\lombok\lombok-1.18.39-4050.jar -XX:+HeapDumpOnOutOfMemoryError -XX:HeapDumpPath=c:\Users\lenovo\AppData\Roaming\Code\User\workspaceStorage\a9ac471e6b8182120a5c339000fc3641\redhat.java -Daether.dependencyCollector.impl=bf c:\Users\lenovo\.vscode\extensions\redhat.java-1.56.0-win32-x64\server\plugins\org.eclipse.equinox.launcher_1.8.0.v20260804-1928.jar -configuration c:\Users\lenovo\AppData\Roaming\Code\User\globalStorage\redhat.java\1.56.0\config_win -data c:\Users\lenovo\AppData\Roaming\Code\User\workspaceStorage\a9ac471e6b8182120a5c339000fc3641\redhat.java\jdt_ws --pipe=\\.\pipe\lsp-a85242149350e1cf809487088cbc8dce-sock

Host: Intel(R) Core(TM) i5-8250U CPU @ 1.60GHz, 8 cores, 7G,  Windows 11 , 64 bit Build 26100 (10.0.26100.8875)
Time: Wed Sep 30 11:16:10 2026 India Standard Time elapsed time: 4.636809 seconds (0d 0h 0m 4s)

---------------  T H R E A D  ---------------

Current thread (0x000001c627b12d10):  JavaThread "C2 CompilerThread0" daemon [_thread_in_native, id=15980, stack(0x00000008df700000,0x00000008df800000) (1024K)]


Current CompileTask:
C2:4637 1351       4       lombok.launch.PackageShader::apply (252 bytes)

Stack: [0x00000008df700000,0x00000008df800000]
Native frames: (J=compiled Java code, j=interpreted, Vv=VM code, C=native code)
V  [jvm.dll+0x6d83e9]
V  [jvm.dll+0x8b5736]
V  [jvm.dll+0x8b7cee]
V  [jvm.dll+0x8b83d3]
V  [jvm.dll+0x284596]
V  [jvm.dll+0xc685d]
V  [jvm.dll+0xc6da1]
V  [jvm.dll+0x2fb5ae]
V  [jvm.dll+0x5fee94]
V  [jvm.dll+0x255d67]
V  [jvm.dll+0x25612d]
V  [jvm.dll+0x24e6a0]
V  [jvm.dll+0x24bbe6]
V  [jvm.dll+0x1cb4ae]
V  [jvm.dll+0x25baad]
V  [jvm.dll+0x25a03a]
V  [jvm.dll+0x3f8aae]
V  [jvm.dll+0x8600cd]
V  [jvm.dll+0x6d6c1d]
C  [ucrtbase.dll+0x2cd30]
C  [KERNEL32.DLL+0x2e957]
C  [ntdll.dll+0xaad6c]


---------------  P R O C E S S  ---------------

Threads class SMR info:
_java_thread_list=0x000001c6853018d0, length=11, elements={
0x000001c627b925c0, 0x000001c627c4ba60, 0x000001c627c4e8b0, 0x000001c627b08580,
0x000001c627b0cd10, 0x000001c627b0d380, 0x000001c627b0d9f0, 0x000001c627b12d10,
0x000001c685008070, 0x000001c68519d550, 0x000001c685303970
}

Java Threads: ( => current thread )
  0x000001c627b925c0 JavaThread "main"                              [_thread_in_native, id=7916, stack(0x00000008ded00000,0x00000008dee00000) (1024K)]
  0x000001c627c4ba60 JavaThread "Reference Handler"          daemon [_thread_blocked, id=17224, stack(0x00000008df100000,0x00000008df200000) (1024K)]
  0x000001c627c4e8b0 JavaThread "Finalizer"                  daemon [_thread_blocked, id=13668, stack(0x00000008df200000,0x00000008df300000) (1024K)]
  0x000001c627b08580 JavaThread "Signal Dispatcher"          daemon [_thread_blocked, id=2176, stack(0x00000008df300000,0x00000008df400000) (1024K)]
  0x000001c627b0cd10 JavaThread "Attach Listener"            daemon [_thread_blocked, id=10188, stack(0x00000008df400000,0x00000008df500000) (1024K)]
  0x000001c627b0d380 JavaThread "Service Thread"             daemon [_thread_blocked, id=9680, stack(0x00000008df500000,0x00000008df600000) (1024K)]
  0x000001c627b0d9f0 JavaThread "Monitor Deflation Thread"   daemon [_thread_blocked, id=8372, stack(0x00000008df600000,0x00000008df700000) (1024K)]
=>0x000001c627b12d10 JavaThread "C2 CompilerThread0"         daemon [_thread_in_native, id=15980, stack(0x00000008df700000,0x00000008df800000) (1024K)]
  0x000001c685008070 JavaThread "C1 CompilerThread0"         daemon [_thread_blocked, id=16508, stack(0x00000008df800000,0x00000008df900000) (1024K)]
  0x000001c68519d550 JavaThread "Common-Cleaner"             daemon [_thread_blocked, id=8588, stack(0x00000008df900000,0x00000008dfa00000) (1024K)]
  0x000001c685303970 JavaThread "Notification Thread"        daemon [_thread_blocked, id=2592, stack(0x00000008dfa00000,0x00000008dfb00000) (1024K)]
Total: 11

Other Threads:
  0x000001c627b02fe0 VMThread "VM Thread"                           [id=2812, stack(0x00000008df000000,0x00000008df100000) (1024K)]
  0x000001c627a1ca00 WatcherThread "VM Periodic Task Thread"        [id=16748, stack(0x00000008def00000,0x00000008df000000) (1024K)]
  0x000001c627bb1f10 WorkerThread "GC Thread#0"                     [id=15116, stack(0x00000008dee00000,0x00000008def00000) (1024K)]
  0x000001c6854b49c0 WorkerThread "GC Thread#1"                     [id=13164, stack(0x00000008dfb00000,0x00000008dfc00000) (1024K)]
  0x000001c6857ed990 WorkerThread "GC Thread#2"                     [id=13872, stack(0x00000008dfc00000,0x00000008dfd00000) (1024K)]
  0x000001c6857e1780 WorkerThread "GC Thread#3"                     [id=4892, stack(0x00000008dfd00000,0x00000008dfe00000) (1024K)]
  0x000001c68582daf0 WorkerThread "GC Thread#4"                     [id=17116, stack(0x00000008dfe00000,0x00000008dff00000) (1024K)]
  0x000001c68582dea0 WorkerThread "GC Thread#5"                     [id=6040, stack(0x00000008dff00000,0x00000008e0000000) (1024K)]
  0x000001c68582e250 WorkerThread "GC Thread#6"                     [id=4960, stack(0x00000008e0000000,0x00000008e0100000) (1024K)]
Total: 9

Threads with active compile tasks:
C2 CompilerThread0  4739 1351       4       lombok.launch.PackageShader::apply (252 bytes)
Total: 1

VM state: not at safepoint (normal execution)

VM Mutex/Monitor currently owned by a thread: None

Heap address: 0x0000000080000000, size: 2048 MB, Compressed Oops mode: 32-bit

CDS archive(s) mapped at: [0x000001c63f000000-0x000001c63fba0000-0x000001c63fba0000), size 12189696, SharedBaseAddress: 0x000001c63f000000, ArchiveRelocationMode: 1.
Compressed class space mapped at: 0x000001c640000000-0x000001c680000000, reserved size: 1073741824
Narrow klass base: 0x000001c63f000000, Narrow klass shift: 0, Narrow klass range: 0x100000000

GC Precious Log:
 CardTable entry size: 512
 CPUs: 8 total, 8 available
 Memory: 8097M
 Large Page Support: Disabled
 NUMA Support: Disabled
 Compressed Oops: Enabled (32-bit)
 Alignments: Space 512K, Generation 512K, Heap 2M
 Heap Min Capacity: 100M
 Heap Initial Capacity: 100M
 Heap Max Capacity: 2G
 Pre-touch: Disabled
 Parallel Workers: 8

Heap:
 PSYoungGen      total 29696K, used 13836K [0x00000000d5580000, 0x00000000d7680000, 0x0000000100000000)
  eden space 25600K, 41% used [0x00000000d5580000,0x00000000d5fd13d8,0x00000000d6e80000)
  from space 4096K, 79% used [0x00000000d6e80000,0x00000000d71b1e98,0x00000000d7280000)
  to   space 4096K, 0% used [0x00000000d7280000,0x00000000d7280000,0x00000000d7680000)
 ParOldGen       total 68608K, used 16K [0x0000000080000000, 0x0000000084300000, 0x00000000d5580000)
  object space 68608K, 0% used [0x0000000080000000,0x0000000080004000,0x0000000084300000)
 Metaspace       used 6218K, committed 6464K, reserved 1114112K
  class space    used 638K, committed 768K, reserved 1048576K

Card table byte_map: [0x000001c627530000,0x000001c627940000] _byte_map_base: 0x000001c627130000

Marking Bits: (ParMarkBitMap*) 0x00007ffcedc744a0
 Begin Bits: [0x000001c63a040000, 0x000001c63c040000)
 End Bits:   [0x000001c63c040000, 0x000001c63e040000)

Polling page: 0x000001c6257c0000

Metaspace:

Usage:
  Non-class:      5.45 MB used.
      Class:    638.36 KB used.
       Both:      6.07 MB used.

Virtual space:
  Non-class space:       64.00 MB reserved,       5.56 MB (  9%) committed,  1 nodes.
      Class space:        1.00 GB reserved,     768.00 KB ( <1%) committed,  1 nodes.
             Both:        1.06 GB reserved,       6.31 MB ( <1%) committed. 

Chunk freelists:
   Non-Class:  9.94 MB
       Class:  15.06 MB
        Both:  25.00 MB

MaxMetaspaceSize: unlimited
CompressedClassSpaceSize: 1.00 GB
Initial GC threshold: 21.00 MB
Current GC threshold: 21.00 MB
CDS: on
 - commit_granule_bytes: 65536.
 - commit_granule_words: 8192.
 - virtual_space_node_default_size: 8388608.
 - enlarge_chunks_in_place: 1.
 - use_allocation_guard: 0.


Internal statistics:

num_allocs_failed_limit: 0.
num_arena_births: 190.
num_arena_deaths: 0.
num_vsnodes_births: 2.
num_vsnodes_deaths: 0.
num_space_committed: 101.
num_space_uncommitted: 0.
num_chunks_returned_to_freelist: 0.
num_chunks_taken_from_freelist: 318.
num_chunk_merges: 0.
num_chunk_splits: 204.
num_chunks_enlarged: 130.
num_inconsistent_stats: 0.

CodeHeap 'non-profiled nmethods': size=120000Kb used=544Kb max_used=544Kb free=119455Kb
 bounds [0x000001c632860000, 0x000001c632ad0000, 0x000001c639d90000]
CodeHeap 'profiled nmethods': size=120000Kb used=2329Kb max_used=2329Kb free=117670Kb
 bounds [0x000001c62ad90000, 0x000001c62b000000, 0x000001c6322c0000]
CodeHeap 'non-nmethods': size=5760Kb used=1209Kb max_used=1238Kb free=4550Kb
 bounds [0x000001c6322c0000, 0x000001c632530000, 0x000001c632860000]
CodeCache: size=245760Kb, used=4082Kb, max_used=4111Kb, free=241675Kb
 total_blobs=1829, nmethods=1358, adapters=378, full_count=0
Compilation: enabled, stopped_count=0, restarted_count=0

Compilation events (20 events):
Event: 4.519 Thread 0x000001c627b12d10 1317       4       java.io.BufferedInputStream::implRead (112 bytes)
Event: 4.522 Thread 0x000001c685008070 nmethod 1348 0x000001c62afcc810 code [0x000001c62afccb20, 0x000001c62afcd8e0]
Event: 4.528 Thread 0x000001c685008070 1349   !   3       java.lang.ClassLoader::addClass (27 bytes)
Event: 4.530 Thread 0x000001c685008070 nmethod 1349 0x000001c62afcde90 code [0x000001c62afce080, 0x000001c62afce600]
Event: 4.530 Thread 0x000001c685008070 1350       3       java.lang.ClassLoader::getNamedPackage (73 bytes)
Event: 4.531 Thread 0x000001c685008070 nmethod 1350 0x000001c62afce910 code [0x000001c62afceb00, 0x000001c62afcf060]
Event: 4.542 Thread 0x000001c627b12d10 nmethod 1317 0x000001c6328e5a90 code [0x000001c6328e5cc0, 0x000001c6328e6488]
Event: 4.542 Thread 0x000001c627b12d10 1310       4       java.util.concurrent.locks.AbstractQueuedSynchronizer::signalNext (34 bytes)
Event: 4.543 Thread 0x000001c627b12d10 nmethod 1310 0x000001c6328e6b90 code [0x000001c6328e6d20, 0x000001c6328e6da0]
Event: 4.543 Thread 0x000001c627b12d10 1311       4       java.util.concurrent.locks.ReentrantLock$Sync::tryRelease (51 bytes)
Event: 4.545 Thread 0x000001c627b12d10 nmethod 1311 0x000001c6328e6e90 code [0x000001c6328e7020, 0x000001c6328e7110]
Event: 4.545 Thread 0x000001c627b12d10 1312       4       java.util.concurrent.locks.ReentrantLock$NonfairSync::initialTryLock (58 bytes)
Event: 4.547 Thread 0x000001c627b12d10 nmethod 1312 0x000001c6328e7210 code [0x000001c6328e73a0, 0x000001c6328e7490]
Event: 4.547 Thread 0x000001c627b12d10 1313       4       java.io.BufferedInputStream::getBufIfOpen (61 bytes)
Event: 4.549 Thread 0x000001c627b12d10 nmethod 1313 0x000001c6328e7510 code [0x000001c6328e76a0, 0x000001c6328e7778]
Event: 4.551 Thread 0x000001c627b12d10 1351       4       lombok.launch.PackageShader::apply (252 bytes)
Event: 4.555 Thread 0x000001c685008070 1352       3       java.io.File::<init> (47 bytes)
Event: 4.556 Thread 0x000001c685008070 nmethod 1352 0x000001c62afcf210 code [0x000001c62afcf3e0, 0x000001c62afcf710]
Event: 4.569 Thread 0x000001c685008070 1353       1       java.net.JarURLConnection::getJarFileURL (5 bytes)
Event: 4.569 Thread 0x000001c685008070 nmethod 1353 0x000001c6328e7810 code [0x000001c6328e79a0, 0x000001c6328e7a68]

GC Heap History (2 events):
Event: 3.572 GC heap before
{Heap before GC invocations=1 (full 0):
 PSYoungGen      total 29696K, used 25600K [0x00000000d5580000, 0x00000000d7680000, 0x0000000100000000)
  eden space 25600K, 100% used [0x00000000d5580000,0x00000000d6e80000,0x00000000d6e80000)
  from space 4096K, 0% used [0x00000000d7280000,0x00000000d7280000,0x00000000d7680000)
  to   space 4096K, 0% used [0x00000000d6e80000,0x00000000d6e80000,0x00000000d7280000)
 ParOldGen       total 68608K, used 0K [0x0000000080000000, 0x0000000084300000, 0x00000000d5580000)
  object space 68608K, 0% used [0x0000000080000000,0x0000000080000000,0x0000000084300000)
 Metaspace       used 4330K, committed 4544K, reserved 1114112K
  class space    used 475K, committed 576K, reserved 1048576K
}
Event: 3.588 GC heap after
{Heap after GC invocations=1 (full 0):
 PSYoungGen      total 29696K, used 3271K [0x00000000d5580000, 0x00000000d7680000, 0x0000000100000000)
  eden space 25600K, 0% used [0x00000000d5580000,0x00000000d5580000,0x00000000d6e80000)
  from space 4096K, 79% used [0x00000000d6e80000,0x00000000d71b1e98,0x00000000d7280000)
  to   space 4096K, 0% used [0x00000000d7280000,0x00000000d7280000,0x00000000d7680000)
 ParOldGen       total 68608K, used 16K [0x0000000080000000, 0x0000000084300000, 0x00000000d5580000)
  object space 68608K, 0% used [0x0000000080000000,0x0000000080004000,0x0000000084300000)
 Metaspace       used 4330K, committed 4544K, reserved 1114112K
  class space    used 475K, committed 576K, reserved 1048576K
}

Dll operation events (16 events):
Event: 0.024 Attempting to load shared library c:\Users\lenovo\.vscode\extensions\redhat.java-1.56.0-win32-x64\jre\21.0.12.1-win32-x86_64\bin\java.dll
Event: 0.024 Loaded shared library c:\Users\lenovo\.vscode\extensions\redhat.java-1.56.0-win32-x64\jre\21.0.12.1-win32-x86_64\bin\java.dll
Event: 0.198 Attempting to load shared library c:\Users\lenovo\.vscode\extensions\redhat.java-1.56.0-win32-x64\jre\21.0.12.1-win32-x86_64\bin\zip.dll
Event: 0.199 Loaded shared library c:\Users\lenovo\.vscode\extensions\redhat.java-1.56.0-win32-x64\jre\21.0.12.1-win32-x86_64\bin\zip.dll
Event: 0.257 Attempting to load shared library C:\Users\lenovo\.vscode\extensions\redhat.java-1.56.0-win32-x64\jre\21.0.12.1-win32-x86_64\bin\instrument.dll
Event: 0.257 Loaded shared library C:\Users\lenovo\.vscode\extensions\redhat.java-1.56.0-win32-x64\jre\21.0.12.1-win32-x86_64\bin\instrument.dll
Event: 0.265 Attempting to load shared library C:\Users\lenovo\.vscode\extensions\redhat.java-1.56.0-win32-x64\jre\21.0.12.1-win32-x86_64\bin\net.dll
Event: 0.266 Loaded shared library C:\Users\lenovo\.vscode\extensions\redhat.java-1.56.0-win32-x64\jre\21.0.12.1-win32-x86_64\bin\net.dll
Event: 0.270 Attempting to load shared library C:\Users\lenovo\.vscode\extensions\redhat.java-1.56.0-win32-x64\jre\21.0.12.1-win32-x86_64\bin\nio.dll
Event: 0.270 Loaded shared library C:\Users\lenovo\.vscode\extensions\redhat.java-1.56.0-win32-x64\jre\21.0.12.1-win32-x86_64\bin\nio.dll
Event: 0.283 Attempting to load shared library C:\Users\lenovo\.vscode\extensions\redhat.java-1.56.0-win32-x64\jre\21.0.12.1-win32-x86_64\bin\zip.dll
Event: 0.283 Loaded shared library C:\Users\lenovo\.vscode\extensions\redhat.java-1.56.0-win32-x64\jre\21.0.12.1-win32-x86_64\bin\zip.dll
Event: 0.354 Attempting to load shared library C:\Users\lenovo\.vscode\extensions\redhat.java-1.56.0-win32-x64\jre\21.0.12.1-win32-x86_64\bin\jimage.dll
Event: 0.354 Loaded shared library C:\Users\lenovo\.vscode\extensions\redhat.java-1.56.0-win32-x64\jre\21.0.12.1-win32-x86_64\bin\jimage.dll
Event: 0.810 Attempting to load shared library c:\Users\lenovo\.vscode\extensions\redhat.java-1.56.0-win32-x64\jre\21.0.12.1-win32-x86_64\bin\verify.dll
Event: 0.816 Loaded shared library c:\Users\lenovo\.vscode\extensions\redhat.java-1.56.0-win32-x64\jre\21.0.12.1-win32-x86_64\bin\verify.dll

Deoptimization events (20 events):
Event: 3.746 Thread 0x000001c627b925c0 DEOPT PACKING pc=0x000001c6328bd754 sp=0x00000008dedfe6c0
Event: 3.746 Thread 0x000001c627b925c0 DEOPT UNPACKING pc=0x000001c632313aa2 sp=0x00000008dedfe658 mode 2
Event: 3.746 Thread 0x000001c627b925c0 Uncommon trap: trap_request=0xffffffde fr.pc=0x000001c6328b8454 relative=0x00000000000005b4
Event: 3.746 Thread 0x000001c627b925c0 Uncommon trap: reason=class_check action=maybe_recompile pc=0x000001c6328b8454 method=java.util.Collections$UnmodifiableCollection$1.<init>(Ljava/util/Collections$UnmodifiableCollection;)V @ 17 c2
Event: 3.746 Thread 0x000001c627b925c0 DEOPT PACKING pc=0x000001c6328b8454 sp=0x00000008dedfe800
Event: 3.746 Thread 0x000001c627b925c0 DEOPT UNPACKING pc=0x000001c632313aa2 sp=0x00000008dedfe748 mode 2
Event: 4.091 Thread 0x000001c627b925c0 Uncommon trap: trap_request=0xffffff45 fr.pc=0x000001c6328be2fc relative=0x000000000000019c
Event: 4.092 Thread 0x000001c627b925c0 Uncommon trap: reason=unstable_if action=reinterpret pc=0x000001c6328be2fc method=java.lang.invoke.VarHandle.checkAccessModeThenIsDirect(Ljava/lang/invoke/VarHandle$AccessDescriptor;)Z @ 4 c2
Event: 4.092 Thread 0x000001c627b925c0 DEOPT PACKING pc=0x000001c6328be2fc sp=0x00000008dedfe7b0
Event: 4.092 Thread 0x000001c627b925c0 DEOPT UNPACKING pc=0x000001c632313aa2 sp=0x00000008dedfe708 mode 2
Event: 4.448 Thread 0x000001c627b925c0 Uncommon trap: trap_request=0xffffff45 fr.pc=0x000001c6328ab890 relative=0x00000000000010d0
Event: 4.448 Thread 0x000001c627b925c0 Uncommon trap: reason=unstable_if action=reinterpret pc=0x000001c6328ab890 method=lombok.patcher.PatchScript.classMatches(Ljava/lang/String;Ljava/util/Collection;)Z @ 25 c2
Event: 4.448 Thread 0x000001c627b925c0 DEOPT PACKING pc=0x000001c6328ab890 sp=0x00000008dedf8ae0
Event: 4.448 Thread 0x000001c627b925c0 DEOPT UNPACKING pc=0x000001c632313aa2 sp=0x00000008dedf8a38 mode 2
Event: 4.463 Thread 0x000001c627b925c0 DEOPT PACKING pc=0x000001c62ae2e98d sp=0x00000008dedf7f20
Event: 4.463 Thread 0x000001c627b925c0 DEOPT UNPACKING pc=0x000001c632314242 sp=0x00000008dedf73d0 mode 0
Event: 4.548 Thread 0x000001c627b925c0 DEOPT PACKING pc=0x000001c62ae2e98d sp=0x00000008dedf43d0
Event: 4.548 Thread 0x000001c627b925c0 DEOPT UNPACKING pc=0x000001c632314242 sp=0x00000008dedf3880 mode 0
Event: 4.558 Thread 0x000001c627b925c0 DEOPT PACKING pc=0x000001c62ae2e98d sp=0x00000008dedf43d0
Event: 4.558 Thread 0x000001c627b925c0 DEOPT UNPACKING pc=0x000001c632314242 sp=0x00000008dedf3880 mode 0

Classes loaded (20 events):
Event: 4.258 Loading class java/util/concurrent/SynchronousQueue$Transferer
Event: 4.259 Loading class java/util/concurrent/LinkedTransferQueue
Event: 4.259 Loading class java/util/concurrent/TransferQueue
Event: 4.260 Loading class java/util/concurrent/TransferQueue done
Event: 4.260 Loading class java/util/concurrent/LinkedTransferQueue done
Event: 4.260 Loading class java/util/concurrent/SynchronousQueue$Transferer done
Event: 4.261 Loading class java/util/concurrent/LinkedTransferQueue$DualNode
Event: 4.261 Loading class java/util/concurrent/LinkedTransferQueue$DualNode done
Event: 4.263 Loading class java/util/concurrent/RejectedExecutionHandler
Event: 4.264 Loading class java/util/concurrent/RejectedExecutionHandler done
Event: 4.264 Loading class java/util/concurrent/LinkedBlockingQueue
Event: 4.265 Loading class java/util/concurrent/LinkedBlockingQueue done
Event: 4.265 Loading class java/util/concurrent/LinkedBlockingQueue$Node
Event: 4.265 Loading class java/util/concurrent/LinkedBlockingQueue$Node done
Event: 4.298 Loading class java/util/concurrent/Semaphore$NonfairSync
Event: 4.298 Loading class java/util/concurrent/Semaphore$Sync
Event: 4.298 Loading class java/util/concurrent/Semaphore$Sync done
Event: 4.298 Loading class java/util/concurrent/Semaphore$NonfairSync done
Event: 4.499 Loading class java/lang/TypeNotPresentException
Event: 4.499 Loading class java/lang/TypeNotPresentException done

Classes unloaded (0 events):
No events

Classes redefined (0 events):
No events

Internal exceptions (20 events):
Event: 2.857 Thread 0x000001c627b925c0 Exception <a 'java/io/FileNotFoundException'{0x00000000d64d6b40}> (0x00000000d64d6b40) 
thrown [s\src\hotspot\share\prims\jni.cpp, line 520]
Event: 2.859 Thread 0x000001c627b925c0 Exception <a 'java/io/FileNotFoundException'{0x00000000d64d7e68}> (0x00000000d64d7e68) 
thrown [s\src\hotspot\share\prims\jni.cpp, line 520]
Event: 2.859 Thread 0x000001c627b925c0 Exception <a 'java/io/FileNotFoundException'{0x00000000d64d8ae0}> (0x00000000d64d8ae0) 
thrown [s\src\hotspot\share\prims\jni.cpp, line 520]
Event: 2.860 Thread 0x000001c627b925c0 Exception <a 'java/io/FileNotFoundException'{0x00000000d64d9620}> (0x00000000d64d9620) 
thrown [s\src\hotspot\share\prims\jni.cpp, line 520]
Event: 2.875 Thread 0x000001c627b925c0 Implicit null exception at 0x000001c63288dd24 to 0x000001c63288e2f0
Event: 2.876 Thread 0x000001c627b925c0 Implicit null exception at 0x000001c63288e9a0 to 0x000001c63288ef5c
Event: 2.910 Thread 0x000001c627b925c0 Exception <a 'java/io/FileNotFoundException'{0x00000000d6511a70}> (0x00000000d6511a70) 
thrown [s\src\hotspot\share\prims\jni.cpp, line 520]
Event: 2.944 Thread 0x000001c627b925c0 Exception <a 'java/lang/NoSuchMethodError'{0x00000000d654a718}: 'java.lang.Object java.lang.invoke.DirectMethodHandle$Holder.invokeInterface(java.lang.Object, java.lang.Object)'> (0x00000000d654a718) 
thrown [s\src\hotspot\share\interpreter\linkResolver.cpp, line 773]
Event: 2.956 Thread 0x000001c627b925c0 Exception <a 'java/lang/NoSuchMethodError'{0x00000000d655dd58}: 'java.lang.Object java.lang.invoke.Invokers$Holder.invokeExact_MT(java.lang.Object, java.lang.Object, java.lang.Object, java.lang.Object, java.lang.Object, java.lang.Object)'> (0x00000000d655dd58) 
thrown [s\src\hotspot\share\interpreter\linkResolver.cpp, line 773]
Event: 2.968 Thread 0x000001c627b925c0 Exception <a 'java/lang/NoSuchMethodError'{0x00000000d6574e30}: 'int java.lang.invoke.DirectMethodHandle$Holder.invokeStatic(java.lang.Object, java.lang.Object, java.lang.Object, java.lang.Object, java.lang.Object)'> (0x00000000d6574e30) 
thrown [s\src\hotspot\share\interpreter\linkResolver.cpp, line 773]
Event: 3.028 Thread 0x000001c627b925c0 Exception <a 'java/lang/NoSuchMethodError'{0x00000000d660a230}: 'java.lang.Object java.lang.invoke.DirectMethodHandle$Holder.invokeInterface(java.lang.Object, java.lang.Object, int)'> (0x00000000d660a230) 
thrown [s\src\hotspot\share\interpreter\linkResolver.cpp, line 773]
Event: 3.384 Thread 0x000001c627b925c0 Exception <a 'java/lang/NoSuchMethodError'{0x00000000d6a8e278}: 'java.lang.ClassLoader java.lang.ClassLoader.getPlatformClassLoader(java.lang.Class)'> (0x00000000d6a8e278) 
thrown [s\src\hotspot\share\interpreter\linkResolver.cpp, line 773]
Event: 3.608 Thread 0x000001c627b925c0 Exception <a 'java/lang/ClassNotFoundException'{0x00000000d55c72f0}: sun/net/www/protocol/c/Handler> (0x00000000d55c72f0) 
thrown [s\src\hotspot\share\classfile\systemDictionary.cpp, line 313]
Event: 3.609 Thread 0x000001c627b925c0 Exception <a 'java/lang/ClassNotFoundException'{0x00000000d55c8630}: sun/net/www/protocol/f/Handler> (0x00000000d55c8630) 
thrown [s\src\hotspot\share\classfile\systemDictionary.cpp, line 313]
Event: 3.610 Thread 0x000001c627b925c0 Exception <a 'java/lang/ClassNotFoundException'{0x00000000d55c9788}: sun/net/www/protocol/c/Handler> (0x00000000d55c9788) 
thrown [s\src\hotspot\share\classfile\systemDictionary.cpp, line 313]
Event: 3.631 Thread 0x000001c627b925c0 Exception <a 'java/io/FileNotFoundException'{0x00000000d55f2b98}> (0x00000000d55f2b98) 
thrown [s\src\hotspot\share\prims\jni.cpp, line 520]
Event: 3.741 Thread 0x000001c627b925c0 Implicit null exception at 0x000001c6328cf31a to 0x000001c6328cf53c
Event: 3.743 Thread 0x000001c627b925c0 Exception <a 'java/lang/NoSuchMethodError'{0x00000000d5724980}: 'void java.lang.invoke.DirectMethodHandle$Holder.invokeStatic(java.lang.Object, java.lang.Object, java.lang.Object, java.lang.Object)'> (0x00000000d5724980) 
thrown [s\src\hotspot\share\interpreter\linkResolver.cpp, line 773]
Event: 3.746 Thread 0x000001c627b925c0 Implicit null exception at 0x000001c6328bd6c0 to 0x000001c6328bd745
Event: 4.164 Thread 0x000001c627b925c0 Exception <a 'java/lang/NoSuchMethodError'{0x00000000d5a0f068}: 'void java.lang.invoke.DirectMethodHandle$Holder.invokeSpecial(java.lang.Object, java.lang.Object, java.lang.Object)'> (0x00000000d5a0f068) 
thrown [s\src\hotspot\share\interpreter\linkResolver.cpp, line 773]

ZGC Phase Switch (0 events):
No events

VM Operations (16 events):
Event: 0.196 Executing non-safepoint VM operation: HandshakeAllThreads (Deoptimize)
Event: 0.196 Executing non-safepoint VM operation: HandshakeAllThreads (Deoptimize) done
Event: 0.388 Executing non-safepoint VM operation: HandshakeAllThreads (Deoptimize)
Event: 0.388 Executing non-safepoint VM operation: HandshakeAllThreads (Deoptimize) done
Event: 1.397 Executing safepoint VM operation: Cleanup
Event: 1.398 Executing safepoint VM operation: Cleanup done
Event: 2.412 Executing safepoint VM operation: Cleanup
Event: 2.476 Executing safepoint VM operation: Cleanup done
Event: 2.517 Executing non-safepoint VM operation: HandshakeAllThreads (Deoptimize)
Event: 2.517 Executing non-safepoint VM operation: HandshakeAllThreads (Deoptimize) done
Event: 2.717 Executing non-safepoint VM operation: HandshakeAllThreads (Deoptimize)
Event: 2.717 Executing non-safepoint VM operation: HandshakeAllThreads (Deoptimize) done
Event: 3.572 Executing safepoint VM operation: ParallelGCFailedAllocation (Allocation Failure)
Event: 3.588 Executing safepoint VM operation: ParallelGCFailedAllocation (Allocation Failure) done
Event: 4.602 Executing safepoint VM operation: Cleanup
Event: 4.602 Executing safepoint VM operation: Cleanup done

Memory protections (0 events):
No events

Nmethod flushes (0 events):
No events

Events (11 events):
Event: 0.065 Thread 0x000001c627b925c0 Thread added: 0x000001c627b925c0
Event: 0.108 Thread 0x000001c627b925c0 Thread added: 0x000001c627c4ba60
Event: 0.108 Thread 0x000001c627b925c0 Thread added: 0x000001c627c4e8b0
Event: 0.109 Thread 0x000001c627b925c0 Thread added: 0x000001c627b08580
Event: 0.109 Thread 0x000001c627b925c0 Thread added: 0x000001c627b0cd10
Event: 0.110 Thread 0x000001c627b925c0 Thread added: 0x000001c627b0d380
Event: 0.110 Thread 0x000001c627b925c0 Thread added: 0x000001c627b0d9f0
Event: 0.110 Thread 0x000001c627b925c0 Thread added: 0x000001c627b12d10
Event: 0.112 Thread 0x000001c627b925c0 Thread added: 0x000001c685008070
Event: 0.260 Thread 0x000001c627b925c0 Thread added: 0x000001c68519d550
Event: 1.338 Thread 0x000001c627b925c0 Thread added: 0x000001c685303970


Dynamic libraries:
0x00007ff7fb070000 - 0x00007ff7fb07e000 	c:\Users\lenovo\.vscode\extensions\redhat.java-1.56.0-win32-x64\jre\21.0.12.1-win32-x86_64\bin\java.exe
0x00007ffd97ca0000 - 0x00007ffd97f06000 	C:\WINDOWS\SYSTEM32\ntdll.dll
0x00007ffd962b0000 - 0x00007ffd96379000 	C:\WINDOWS\System32\KERNEL32.DLL
0x00007ffd95490000 - 0x00007ffd9588e000 	C:\WINDOWS\System32\KERNELBASE.dll
0x00007ffd95330000 - 0x00007ffd9547c000 	C:\WINDOWS\System32\ucrtbase.dll
0x00007ffd91030000 - 0x00007ffd91048000 	c:\Users\lenovo\.vscode\extensions\redhat.java-1.56.0-win32-x64\jre\21.0.12.1-win32-x86_64\bin\jli.dll
0x00007ffd90360000 - 0x00007ffd9037e000 	c:\Users\lenovo\.vscode\extensions\redhat.java-1.56.0-win32-x64\jre\21.0.12.1-win32-x86_64\bin\VCRUNTIME140.dll
0x00007ffd95c80000 - 0x00007ffd95e47000 	C:\WINDOWS\System32\USER32.dll
0x00007ffd95000000 - 0x00007ffd95027000 	C:\WINDOWS\System32\win32u.dll
0x00007ffd832b0000 - 0x00007ffd83542000 	C:\WINDOWS\WinSxS\amd64_microsoft.windows.common-controls_6595b64144ccf1df_6.0.26100.8894_none_3e0f749ee32e02ea\COMCTL32.dll
0x00007ffd972a0000 - 0x00007ffd972cb000 	C:\WINDOWS\System32\GDI32.dll
0x00007ffd96140000 - 0x00007ffd961e9000 	C:\WINDOWS\System32\msvcrt.dll
0x00007ffd958a0000 - 0x00007ffd959ca000 	C:\WINDOWS\System32\gdi32full.dll
0x00007ffd94ec0000 - 0x00007ffd94f63000 	C:\WINDOWS\System32\msvcp_win.dll
0x00007ffd972d0000 - 0x00007ffd97302000 	C:\WINDOWS\System32\IMM32.DLL
0x00007ffd91020000 - 0x00007ffd9102c000 	c:\Users\lenovo\.vscode\extensions\redhat.java-1.56.0-win32-x64\jre\21.0.12.1-win32-x86_64\bin\vcruntime140_1.dll
0x00007ffd8de30000 - 0x00007ffd8debd000 	c:\Users\lenovo\.vscode\extensions\redhat.java-1.56.0-win32-x64\jre\21.0.12.1-win32-x86_64\bin\msvcp140.dll
0x00007ffcecfb0000 - 0x00007ffcedd52000 	c:\Users\lenovo\.vscode\extensions\redhat.java-1.56.0-win32-x64\jre\21.0.12.1-win32-x86_64\bin\server\jvm.dll
0x00007ffd95bc0000 - 0x00007ffd95c77000 	C:\WINDOWS\System32\ADVAPI32.dll
0x00007ffd97bb0000 - 0x00007ffd97c5a000 	C:\WINDOWS\System32\sechost.dll
0x00007ffd96380000 - 0x00007ffd96498000 	C:\WINDOWS\System32\RPCRT4.dll
0x00007ffd97130000 - 0x00007ffd971b0000 	C:\WINDOWS\System32\WS2_32.dll
0x00007ffd94d20000 - 0x00007ffd94d7e000 	C:\WINDOWS\SYSTEM32\POWRPROF.dll
0x00007ffd83270000 - 0x00007ffd832a6000 	C:\WINDOWS\SYSTEM32\WINMM.dll
0x00007ffd91010000 - 0x00007ffd9101b000 	C:\WINDOWS\SYSTEM32\VERSION.dll
0x00007ffd94d00000 - 0x00007ffd94d14000 	C:\WINDOWS\SYSTEM32\UMPDC.dll
0x00007ffd93b70000 - 0x00007ffd93b8b000 	C:\WINDOWS\SYSTEM32\kernel.appcore.dll
0x00007ffd90c50000 - 0x00007ffd90c5a000 	c:\Users\lenovo\.vscode\extensions\redhat.java-1.56.0-win32-x64\jre\21.0.12.1-win32-x86_64\bin\jimage.dll
0x00007ffd92300000 - 0x00007ffd92542000 	C:\WINDOWS\SYSTEM32\DBGHELP.DLL
0x00007ffd973a0000 - 0x00007ffd97723000 	C:\WINDOWS\System32\combase.dll
0x00007ffd971c0000 - 0x00007ffd97299000 	C:\WINDOWS\System32\OLEAUT32.dll
0x00007ffd81910000 - 0x00007ffd8194b000 	C:\WINDOWS\SYSTEM32\dbgcore.DLL
0x00007ffd95030000 - 0x00007ffd950dc000 	C:\WINDOWS\System32\bcryptPrimitives.dll
0x00007ffd909d0000 - 0x00007ffd909df000 	c:\Users\lenovo\.vscode\extensions\redhat.java-1.56.0-win32-x64\jre\21.0.12.1-win32-x86_64\bin\instrument.dll
0x00007ffd901a0000 - 0x00007ffd901c0000 	c:\Users\lenovo\.vscode\extensions\redhat.java-1.56.0-win32-x64\jre\21.0.12.1-win32-x86_64\bin\java.dll
0x00007ffd96930000 - 0x00007ffd970c2000 	C:\WINDOWS\System32\SHELL32.dll
0x00007ffd92940000 - 0x00007ffd931d2000 	C:\WINDOWS\SYSTEM32\windows.storage.dll
0x00007ffd97750000 - 0x00007ffd97847000 	C:\WINDOWS\System32\SHCORE.dll
0x00007ffd95e50000 - 0x00007ffd95eb7000 	C:\WINDOWS\System32\shlwapi.dll
0x00007ffd94de0000 - 0x00007ffd94e09000 	C:\WINDOWS\SYSTEM32\profapi.dll
0x00007ffd901c0000 - 0x00007ffd901d8000 	c:\Users\lenovo\.vscode\extensions\redhat.java-1.56.0-win32-x64\jre\21.0.12.1-win32-x86_64\bin\zip.dll
0x00007ffd906d0000 - 0x00007ffd906e0000 	C:\Users\lenovo\.vscode\extensions\redhat.java-1.56.0-win32-x64\jre\21.0.12.1-win32-x86_64\bin\net.dll
0x00007ffd8ec90000 - 0x00007ffd8edb7000 	C:\WINDOWS\SYSTEM32\WINHTTP.dll
0x00007ffd94150000 - 0x00007ffd941bc000 	C:\WINDOWS\system32\mswsock.dll
0x00007ffd90060000 - 0x00007ffd90076000 	C:\Users\lenovo\.vscode\extensions\redhat.java-1.56.0-win32-x64\jre\21.0.12.1-win32-x86_64\bin\nio.dll
0x00007ffd90090000 - 0x00007ffd900a0000 	c:\Users\lenovo\.vscode\extensions\redhat.java-1.56.0-win32-x64\jre\21.0.12.1-win32-x86_64\bin\verify.dll

JVMTI agents:
c:\Users\lenovo\.vscode\extensions\redhat.java-1.56.0-win32-x64\lombok\lombok-1.18.39-4050.jar path:c:\Users\lenovo\.vscode\extensions\redhat.java-1.56.0-win32-x64\jre\21.0.12.1-win32-x86_64\bin\instrument.dll, loaded, initialized, instrumentlib options:none

dbghelp: loaded successfully - version: 4.0.5 - missing functions: none
symbol engine: initialized successfully - sym options: 0x614 - pdb path: .;c:\Users\lenovo\.vscode\extensions\redhat.java-1.56.0-win32-x64\jre\21.0.12.1-win32-x86_64\bin;C:\WINDOWS\SYSTEM32;C:\WINDOWS\WinSxS\amd64_microsoft.windows.common-controls_6595b64144ccf1df_6.0.26100.8894_none_3e0f749ee32e02ea;c:\Users\lenovo\.vscode\extensions\redhat.java-1.56.0-win32-x64\jre\21.0.12.1-win32-x86_64\bin\server

VM Arguments:
jvm_args: --add-modules=ALL-SYSTEM --add-opens=java.base/java.util=ALL-UNNAMED --add-opens=java.base/java.lang=ALL-UNNAMED --add-opens=java.base/sun.nio.fs=ALL-UNNAMED -Declipse.application=org.eclipse.jdt.ls.core.id1 -Dosgi.bundles.defaultStartLevel=4 -Declipse.product=org.eclipse.jdt.ls.core.product -Djava.import.generatesMetadataFilesAtProjectRoot=false -Dm2e.project.cache.size=50 -DDetectVMInstallationsJob.disabled=true -Dfile.encoding=utf8 -XX:+UseParallelGC -XX:GCTimeRatio=4 -XX:AdaptiveSizePolicyWeight=90 -Dsun.zip.disableMemoryMapping=true -Xmx2G -Xms100m -Xlog:disable -javaagent:c:\Users\lenovo\.vscode\extensions\redhat.java-1.56.0-win32-x64\lombok\lombok-1.18.39-4050.jar -XX:+HeapDumpOnOutOfMemoryError -XX:HeapDumpPath=c:\Users\lenovo\AppData\Roaming\Code\User\workspaceStorage\a9ac471e6b8182120a5c339000fc3641\redhat.java -Daether.dependencyCollector.impl=bf 
java_command: c:\Users\lenovo\.vscode\extensions\redhat.java-1.56.0-win32-x64\server\plugins\org.eclipse.equinox.launcher_1.8.0.v20260804-1928.jar -configuration c:\Users\lenovo\AppData\Roaming\Code\User\globalStorage\redhat.java\1.56.0\config_win -data c:\Users\lenovo\AppData\Roaming\Code\User\workspaceStorage\a9ac471e6b8182120a5c339000fc3641\redhat.java\jdt_ws --pipe=\\.\pipe\lsp-a85242149350e1cf809487088cbc8dce-sock
java_class_path (initial): c:\Users\lenovo\.vscode\extensions\redhat.java-1.56.0-win32-x64\server\plugins\org.eclipse.equinox.launcher_1.8.0.v20260804-1928.jar
Launcher Type: SUN_STANDARD

[Global flags]
    uintx AdaptiveSizePolicyWeight                 = 90                                        {product} {command line}
     intx CICompilerCount                          = 4                                         {product} {ergonomic}
    uintx GCTimeRatio                              = 4                                         {product} {command line}
     bool HeapDumpOnOutOfMemoryError               = true                                   {manageable} {command line}
    ccstr HeapDumpPath                             = c:\Users\lenovo\AppData\Roaming\Code\User\workspaceStorage\a9ac471e6b8182120a5c339000fc3641\redhat.java         {manageable} {command line}
   size_t InitialHeapSize                          = 104857600                                 {product} {command line}
   size_t MaxHeapSize                              = 2147483648                                {product} {command line}
   size_t MaxNewSize                               = 715653120                                 {product} {ergonomic}
   size_t MinHeapDeltaBytes                        = 524288                                    {product} {ergonomic}
   size_t MinHeapSize                              = 104857600                                 {product} {command line}
   size_t NewSize                                  = 34603008                                  {product} {ergonomic}
    uintx NonNMethodCodeHeapSize                   = 5839372                                {pd product} {ergonomic}
    uintx NonProfiledCodeHeapSize                  = 122909434                              {pd product} {ergonomic}
   size_t OldSize                                  = 70254592                                  {product} {ergonomic}
    uintx ProfiledCodeHeapSize                     = 122909434                              {pd product} {ergonomic}
    uintx ReservedCodeCacheSize                    = 251658240                              {pd product} {ergonomic}
     bool SegmentedCodeCache                       = true                                      {product} {ergonomic}
   size_t SoftMaxHeapSize                          = 2147483648                             {manageable} {ergonomic}
     bool UseCompressedOops                        = true                           {product lp64_product} {ergonomic}
     bool UseLargePagesIndividualAllocation        = false                                  {pd product} {ergonomic}
     bool UseParallelGC                            = true                                      {product} {command line}

Logging:
Log output configuration:
 #0: stdout all=off uptime,level,tags foldmultilines=false
 #1: stderr all=off uptime,level,tags foldmultilines=false

Release file:
JAVA_VERSION="21.0.12.1" 
MODULES="java.base java.compiler java.datatransfer java.xml java.prefs java.desktop java.instrument java.logging java.management java.security.sasl java.naming java.rmi java.management.rmi java.net.http java.scripting java.security.jgss java.transaction.xa java.sql java.sql.rowset java.xml.crypto java.se java.smartcardio jdk.accessibility jdk.internal.jvmstat jdk.attach jdk.charsets jdk.internal.opt jdk.zipfs jdk.compiler jdk.crypto.ec jdk.crypto.cryptoki jdk.crypto.mscapi jdk.dynalink jdk.internal.ed jdk.editpad jdk.hotspot.agent jdk.httpserver jdk.internal.le jdk.internal.vm.ci jdk.internal.vm.compiler jdk.internal.vm.compiler.management jdk.jartool jdk.javadoc jdk.jcmd jdk.management jdk.management.agent jdk.jconsole jdk.jdeps jdk.jdwp.agent jdk.jdi jdk.jfr jdk.jshell jdk.jsobject jdk.jstatd jdk.localedata jdk.management.jfr jdk.naming.dns jdk.naming.rmi jdk.net jdk.nio.mapmode jdk.random jdk.sctp jdk.security.auth jdk.security.jgss jdk.unsupported jdk.unsupported.desktop jdk.xml.dom" 

Environment Variables:
PATH=C:\Program Files\Eclipse Adoptium\jdk-25.0.3.9-hotspot\bin;C:\Program Files\Common Files\Oracle\Java\javapath;C:\WINDOWS\system32;C:\WINDOWS;C:\WINDOWS\System32\Wbem;C:\WINDOWS\System32\WindowsPowerShell\v1.0\;C:\WINDOWS\System32\OpenSSH\;C:\Program Files\MariaDB\MariaDB Connector C 64-bit\lib\;C:\Program Files\MariaDB\MariaDB Connector C 64-bit\lib\plugin\;C:\Program Files\CMake\bin;C:\Program Files\PuTTY\;C:\Program Files\Git\cmd;C:\Program Files\Apache\Maven\apache-maven-3.9.14\bin;C:\Users\lenovo\Downloads\gradle-9.5.0\bin;F:\;C:\Program Files\PostgreSQL\18\bin;;C:\Program Files\Docker\Docker\resources\bin;C:\Program Files\nodejs\;C:\Program Files\k6\;C:\Program Files\k6;C:\Users\lenovo\AppData\Local\Programs\Python\Launcher\;C:\Program Files\MySQL\MySQL Shell 8.0\bin\;C:\Users\lenovo\AppData\Local\Microsoft\WindowsApps;C:\Users\lenovo\AppData\Local\Programs\Microsoft VS Code\bin;C:\Program Files\nodejs;C:\Program Files\MongoDB\Server\8.0\bin;C:\Program Files\mongosh\;C:\Users\lenovo\AppData\Roaming\npm
USERNAME=lenovo
OS=Windows_NT
PROCESSOR_IDENTIFIER=Intel64 Family 6 Model 142 Stepping 10, GenuineIntel
TMP=C:\Users\lenovo\AppData\Local\Temp
TEMP=C:\Users\lenovo\AppData\Local\Temp




Periodic native trim disabled

---------------  S Y S T E M  ---------------

OS:
 Windows 11 , 64 bit Build 26100 (10.0.26100.8875)
OS uptime: 0 days 1:30 hours
Hyper-V role detected

CPU: total 8 (initial active 8) (4 cores per cpu, 2 threads per core) family 6 model 142 stepping 10 microcode 0xe0, cx8, cmov, fxsr, ht, mmx, 3dnowpref, sse, sse2, sse3, ssse3, sse4.1, sse4.2, popcnt, lzcnt, tsc, tscinvbit, avx, avx2, aes, erms, clmul, bmi1, bmi2, adx, fma, vzeroupper, clflush, clflushopt, hv, rdtscp, f16c
Processor Information for the first 8 processors :
  Max Mhz: 1801, Current Mhz: 1500, Mhz Limit: 1494

Memory: 4k page, system-wide physical 8097M (325M free)
TotalPageFile size 15187M (AvailPageFile size 0M)
current process WorkingSet (physical memory assigned to process): 85M, peak: 85M
current process commit charge ("private bytes"): 235M, peak: 236M

vm_info: OpenJDK 64-Bit Server VM (21.0.12.1+1-LTS) for windows-amd64 JRE (21.0.12.1+1-LTS), built on 2026-08-18T00:00:00Z by "admin" with MS VC++ 17.12 (VS2022)

END.
