#
# There is insufficient memory for the Java Runtime Environment to continue.
# Native memory allocation (malloc) failed to allocate 1048576 bytes. Error detail: AllocateHeap
# Possible reasons:
#   The system is out of physical RAM or swap space
#   This process is running with CompressedOops enabled, and the Java Heap may be blocking the growth of the native heap
# Possible solutions:
#   Reduce memory load on the system
#   Increase physical memory or swap space
#   Check if swap backing store is full
#   Decrease Java heap size (-Xmx/-Xms)
#   Decrease number of Java threads
#   Decrease Java thread stack sizes (-Xss)
#   Set larger code cache with -XX:ReservedCodeCacheSize=
#   JVM is running with Unscaled Compressed Oops mode in which the Java heap is
#     placed in the first 4GB address space. The Java Heap base address is the
#     maximum limit for the native heap growth. Please use -XX:HeapBaseMinAddress
#     to set the Java Heap base and to place the Java Heap above 4GB virtual address.
# This output file may be truncated or incomplete.
#
#  Out of Memory Error (allocation.cpp:44), pid=19416, tid=18400
#
# JRE version: OpenJDK Runtime Environment Temurin-21.0.11+10 (21.0.11+10) (build 21.0.11+10-LTS)
# Java VM: OpenJDK 64-Bit Server VM Temurin-21.0.11+10 (21.0.11+10-LTS, mixed mode, sharing, tiered, compressed oops, compressed class ptrs, parallel gc, windows-amd64)
# No core dump will be written. Minidumps are not enabled by default on client versions of Windows
#

---------------  S U M M A R Y ------------

Command Line: --add-modules=ALL-SYSTEM --add-opens=java.base/java.util=ALL-UNNAMED --add-opens=java.base/java.lang=ALL-UNNAMED --add-opens=java.base/sun.nio.fs=ALL-UNNAMED -Declipse.application=org.eclipse.jdt.ls.core.id1 -Dosgi.bundles.defaultStartLevel=4 -Declipse.product=org.eclipse.jdt.ls.core.product -Djava.import.generatesMetadataFilesAtProjectRoot=false -DDetectVMInstallationsJob.disabled=true -Dfile.encoding=utf8 -XX:+UseParallelGC -XX:GCTimeRatio=4 -XX:AdaptiveSizePolicyWeight=90 -Dsun.zip.disableMemoryMapping=true -Xmx2G -Xms100m -Xlog:disable -javaagent:c:\Users\lenovo\.vscode\extensions\redhat.java-1.55.0-win32-x64\lombok\lombok-1.18.39-4050.jar -XX:+HeapDumpOnOutOfMemoryError -XX:HeapDumpPath=c:\Users\lenovo\AppData\Roaming\Code\User\workspaceStorage\a9ac471e6b8182120a5c339000fc3641\redhat.java -Daether.dependencyCollector.impl=bf c:\Users\lenovo\.vscode\extensions\redhat.java-1.55.0-win32-x64\server\plugins\org.eclipse.equinox.launcher_1.7.200.v20260619-2039.jar -configuration c:\Users\lenovo\AppData\Roaming\Code\User\globalStorage\redhat.java\1.55.0\config_win -data c:\Users\lenovo\AppData\Roaming\Code\User\workspaceStorage\a9ac471e6b8182120a5c339000fc3641\redhat.java\jdt_ws --pipe=\\.\pipe\lsp-76eb52aab64ab52e5bb957ac65bc8004-sock

Host: Intel(R) Core(TM) i5-8250U CPU @ 1.60GHz, 8 cores, 7G,  Windows 11 , 64 bit Build 26100 (10.0.26100.8875)
Time: Sun Aug  9 01:54:55 2026 India Standard Time elapsed time: 31784.553294 seconds (0d 8h 49m 44s)

---------------  T H R E A D  ---------------

Current thread (0x000001ede059b520):  JavaThread "Attach Listener" daemon [_thread_in_vm, id=18400, stack(0x000000c5c8e00000,0x000000c5c8f00000) (1024K)]

Stack: [0x000000c5c8e00000,0x000000c5c8f00000]
Native frames: (J=compiled Java code, j=interpreted, Vv=VM code, C=native code)
V  [jvm.dll+0x6d7e19]
V  [jvm.dll+0x8b5096]
V  [jvm.dll+0x8b764e]
V  [jvm.dll+0x8b7d33]
V  [jvm.dll+0x284596]
V  [jvm.dll+0xc13c7]
V  [jvm.dll+0x6d86c9]
V  [jvm.dll+0x133616]
V  [jvm.dll+0x3f868e]
V  [jvm.dll+0x85fb0d]
V  [jvm.dll+0x6d664d]
C  [ucrtbase.dll+0x2cd30]
C  [KERNEL32.DLL+0x2e957]
C  [ntdll.dll+0xaad6c]


---------------  P R O C E S S  ---------------

Threads class SMR info:
_java_thread_list=0x000001edeb06ff00, length=34, elements={
0x000001edc9b1d8b0, 0x000001edc9bdcec0, 0x000001ede05962a0, 0x000001ede05984d0,
0x000001ede059b520, 0x000001ede059bf80, 0x000001ede059c9e0, 0x000001ede05a0be0,
0x000001ede05b49e0, 0x000001ede61716c0, 0x000001ede6337c70, 0x000001ede6bf1290,
0x000001ede6bb1da0, 0x000001ede6161700, 0x000001ede69691a0, 0x000001ede6967300,
0x000001ede70ddea0, 0x000001ede6f0b1f0, 0x000001ede653ce90, 0x000001ede653d520,
0x000001ede653c170, 0x000001ede653adc0, 0x000001ede653b450, 0x000001ede92cbac0,
0x000001ede92cb430, 0x000001ede92cc150, 0x000001ede92cce70, 0x000001ede92cc7e0,
0x000001ede92cd500, 0x000001ede92ca080, 0x000001ede92cdb90, 0x000001ede92ca710,
0x000001ede92ce220, 0x000001ede92cada0
}

Java Threads: ( => current thread )
  0x000001edc9b1d8b0 JavaThread "main"                              [_thread_blocked, id=2100, stack(0x000000c5c8700000,0x000000c5c8800000) (1024K)]
  0x000001edc9bdcec0 JavaThread "Reference Handler"          daemon [_thread_blocked, id=13424, stack(0x000000c5c8b00000,0x000000c5c8c00000) (1024K)]
  0x000001ede05962a0 JavaThread "Finalizer"                  daemon [_thread_blocked, id=13008, stack(0x000000c5c8c00000,0x000000c5c8d00000) (1024K)]
  0x000001ede05984d0 JavaThread "Signal Dispatcher"          daemon [_thread_blocked, id=23228, stack(0x000000c5c8d00000,0x000000c5c8e00000) (1024K)]
=>0x000001ede059b520 JavaThread "Attach Listener"            daemon [_thread_in_vm, id=18400, stack(0x000000c5c8e00000,0x000000c5c8f00000) (1024K)]
  0x000001ede059bf80 JavaThread "Service Thread"             daemon [_thread_blocked, id=18516, stack(0x000000c5c8f00000,0x000000c5c9000000) (1024K)]
  0x000001ede059c9e0 JavaThread "Monitor Deflation Thread"   daemon [_thread_blocked, id=24180, stack(0x000000c5c9000000,0x000000c5c9100000) (1024K)]
  0x000001ede05a0be0 JavaThread "C2 CompilerThread0"         daemon [_thread_blocked, id=6424, stack(0x000000c5c9100000,0x000000c5c9200000) (1024K)]
  0x000001ede05b49e0 JavaThread "C1 CompilerThread0"         daemon [_thread_blocked, id=5636, stack(0x000000c5c9200000,0x000000c5c9300000) (1024K)]
  0x000001ede61716c0 JavaThread "Common-Cleaner"             daemon [_thread_blocked, id=21496, stack(0x000000c5c9300000,0x000000c5c9400000) (1024K)]
  0x000001ede6337c70 JavaThread "Notification Thread"        daemon [_thread_blocked, id=11036, stack(0x000000c5c9400000,0x000000c5c9500000) (1024K)]
  0x000001ede6bf1290 JavaThread "Active Thread: Equinox Container: 8fff64e3-ccf7-47de-a112-f0973f6bd66c"        [_thread_blocked, id=16040, stack(0x000000c5c9d00000,0x000000c5c9e00000) (1024K)]
  0x000001ede6bb1da0 JavaThread "Refresh Thread: Equinox Container: 8fff64e3-ccf7-47de-a112-f0973f6bd66c" daemon [_thread_blocked, id=14740, stack(0x000000c5c9c00000,0x000000c5c9d00000) (1024K)]
  0x000001ede6161700 JavaThread "Framework Event Dispatcher: Equinox Container: 8fff64e3-ccf7-47de-a112-f0973f6bd66c" daemon [_thread_blocked, id=11588, stack(0x000000c5c9e00000,0x000000c5c9f00000) (1024K)]
  0x000001ede69691a0 JavaThread "Start Level: Equinox Container: 8fff64e3-ccf7-47de-a112-f0973f6bd66c" daemon [_thread_blocked, id=3416, stack(0x000000c5c9f00000,0x000000c5ca000000) (1024K)]
  0x000001ede6967300 JavaThread "Bundle File Closer"         daemon [_thread_blocked, id=10268, stack(0x000000c5ca100000,0x000000c5ca200000) (1024K)]
  0x000001ede70ddea0 JavaThread "SCR Component Actor"        daemon [_thread_blocked, id=3176, stack(0x000000c5ca000000,0x000000c5ca100000) (1024K)]
  0x000001ede6f0b1f0 JavaThread "Worker-JM"                         [_thread_blocked, id=22532, stack(0x000000c5ca400000,0x000000c5ca500000) (1024K)]
  0x000001ede653ce90 JavaThread "JNA Cleaner"                daemon [_thread_blocked, id=17772, stack(0x000000c5ca300000,0x000000c5ca400000) (1024K)]
  0x000001ede653d520 JavaThread "Worker-2"                          [_thread_blocked, id=14784, stack(0x000000c5ca700000,0x000000c5ca800000) (1024K)]
  0x000001ede653c170 JavaThread "Java indexing"              daemon [_thread_blocked, id=21468, stack(0x000000c5ca800000,0x000000c5ca900000) (1024K)]
  0x000001ede653adc0 JavaThread "Thread-1"                   daemon [_thread_in_native, id=16140, stack(0x000000c5cad00000,0x000000c5cae00000) (1024K)]
  0x000001ede653b450 JavaThread "Thread-2"                   daemon [_thread_in_native, id=7128, stack(0x000000c5cae00000,0x000000c5caf00000) (1024K)]
  0x000001ede92cbac0 JavaThread "Thread-3"                   daemon [_thread_in_native, id=6900, stack(0x000000c5caf00000,0x000000c5cb000000) (1024K)]
  0x000001ede92cb430 JavaThread "Thread-4"                   daemon [_thread_in_native, id=23600, stack(0x000000c5cb000000,0x000000c5cb100000) (1024K)]
  0x000001ede92cc150 JavaThread "Thread-5"                   daemon [_thread_in_native, id=4064, stack(0x000000c5cb100000,0x000000c5cb200000) (1024K)]
  0x000001ede92cce70 JavaThread "Thread-6"                   daemon [_thread_in_native, id=24436, stack(0x000000c5cb200000,0x000000c5cb300000) (1024K)]
  0x000001ede92cc7e0 JavaThread "Thread-7"                   daemon [_thread_in_native, id=22132, stack(0x000000c5cb300000,0x000000c5cb400000) (1024K)]
  0x000001ede92cd500 JavaThread "Thread-8"                   daemon [_thread_in_native, id=19476, stack(0x000000c5cb400000,0x000000c5cb500000) (1024K)]
  0x000001ede92ca080 JavaThread "Thread-9"                   daemon [_thread_in_native, id=22004, stack(0x000000c5cb500000,0x000000c5cb600000) (1024K)]
  0x000001ede92cdb90 JavaThread "pool-2-thread-1"                   [_thread_blocked, id=22616, stack(0x000000c5cb600000,0x000000c5cb700000) (1024K)]
  0x000001ede92ca710 JavaThread "Worker-4"                          [_thread_blocked, id=17352, stack(0x000000c5cb700000,0x000000c5cb800000) (1024K)]
  0x000001ede92ce220 JavaThread "WorkspaceEventsHandler"            [_thread_blocked, id=20168, stack(0x000000c5cb900000,0x000000c5cba00000) (1024K)]
  0x000001ede92cada0 JavaThread "pool-1-thread-1"                   [_thread_blocked, id=12896, stack(0x000000c5cba00000,0x000000c5cbb00000) (1024K)]
Total: 34

Other Threads:
  0x000001edc9bc19c0 VMThread "VM Thread"                           [id=8208, stack(0x000000c5c8a00000,0x000000c5c8b00000) (1024K)]
  0x000001ede04abb20 WatcherThread "VM Periodic Task Thread"        [id=19116, stack(0x000000c5c8900000,0x000000c5c8a00000) (1024K)]
  0x000001edc9b3bff0 WorkerThread "GC Thread#0"                     [id=2172, stack(0x000000c5c8800000,0x000000c5c8900000) (1024K)]
  0x000001ede64b9030 WorkerThread "GC Thread#1"                     [id=18988, stack(0x000000c5c9600000,0x000000c5c9700000) (1024K)]
  0x000001ede64b9ef0 WorkerThread "GC Thread#2"                     [id=21932, stack(0x000000c5c9700000,0x000000c5c9800000) (1024K)]
  0x000001ede64b9b40 WorkerThread "GC Thread#3"                     [id=23360, stack(0x000000c5c9800000,0x000000c5c9900000) (1024K)]
  0x000001ede64b8520 WorkerThread "GC Thread#4"                     [id=20268, stack(0x000000c5c9900000,0x000000c5c9a00000) (1024K)]
  0x000001ede64b88d0 WorkerThread "GC Thread#5"                     [id=21740, stack(0x000000c5c9a00000,0x000000c5c9b00000) (1024K)]
  0x000001ede64b9790 WorkerThread "GC Thread#6"                     [id=12136, stack(0x000000c5c9b00000,0x000000c5c9c00000) (1024K)]
  0x000001ede61317d0 WorkerThread "GC Thread#7"                     [id=9700, stack(0x000000c5c9500000,0x000000c5c9600000) (1024K)]
Total: 10

Threads with active compile tasks:
Total: 0

VM state: not at safepoint (normal execution)

VM Mutex/Monitor currently owned by a thread: None

Heap address: 0x0000000080000000, size: 2048 MB, Compressed Oops mode: 32-bit

CDS archive(s) mapped at: [0x000001ed80000000-0x000001ed80ba0000-0x000001ed80ba0000), size 12189696, SharedBaseAddress: 0x000001ed80000000, ArchiveRelocationMode: 1.
Compressed class space mapped at: 0x000001ed81000000-0x000001edc1000000, reserved size: 1073741824
Narrow klass base: 0x000001ed80000000, Narrow klass shift: 0, Narrow klass range: 0x100000000

GC Precious Log:
 CardTable entry size: 512
 CPUs: 8 total, 8 available
 Memory: 8097M
 Large Page Support: Disabled
 NUMA Support: Disabled
 Compressed Oops: Enabled (32-bit)
 Alignments: Space 512K, Generation 512K, Heap 2M
 Heap Min Capacity: 100M
 Heap Initial Capacity: 100M
 Heap Max Capacity: 2G
 Pre-touch: Disabled
 Parallel Workers: 8

Heap:
 PSYoungGen      total 3072K, used 2091K [0x00000000d5580000, 0x00000000d5980000, 0x0000000100000000)
  eden space 2560K, 71% used [0x00000000d5580000,0x00000000d574afe8,0x00000000d5800000)
  from space 512K, 50% used [0x00000000d5900000,0x00000000d5940000,0x00000000d5980000)
  to   space 512K, 0% used [0x00000000d5880000,0x00000000d5880000,0x00000000d5900000)
 ParOldGen       total 217600K, used 216841K [0x0000000080000000, 0x000000008d480000, 0x00000000d5580000)
  object space 217600K, 99% used [0x0000000080000000,0x000000008d3c2760,0x000000008d480000)
 Metaspace       used 69293K, committed 70848K, reserved 1114112K
  class space    used 7381K, committed 8064K, reserved 1048576K

Card table byte_map: [0x000001edc94c0000,0x000001edc98d0000] _byte_map_base: 0x000001edc90c0000

Marking Bits: (ParMarkBitMap*) 0x00007ffb3f514460
 Begin Bits: [0x000001eddbfd0000, 0x000001edddfd0000)
 End Bits:   [0x000001edddfd0000, 0x000001eddffd0000)

Polling page: 0x000001edc7af0000

Metaspace:

Usage:
  Non-class:     60.46 MB used.
      Class:      7.21 MB used.
       Both:     67.67 MB used.

Virtual space:
  Non-class space:       64.00 MB reserved,      61.31 MB ( 96%) committed,  1 nodes.
      Class space:        1.00 GB reserved,       7.88 MB ( <1%) committed,  1 nodes.
             Both:        1.06 GB reserved,      69.19 MB (  6%) committed. 

Chunk freelists:
   Non-Class:  2.60 MB
       Class:  7.97 MB
        Both:  10.57 MB

MaxMetaspaceSize: unlimited
CompressedClassSpaceSize: 1.00 GB
Initial GC threshold: 21.00 MB
Current GC threshold: 97.31 MB
CDS: on
 - commit_granule_bytes: 65536.
 - commit_granule_words: 8192.
 - virtual_space_node_default_size: 8388608.
 - enlarge_chunks_in_place: 1.
 - use_allocation_guard: 0.


Internal statistics:

num_allocs_failed_limit: 9.
num_arena_births: 1298.
num_arena_deaths: 14.
num_vsnodes_births: 2.
num_vsnodes_deaths: 0.
num_space_committed: 1107.
num_space_uncommitted: 0.
num_chunks_returned_to_freelist: 23.
num_chunks_taken_from_freelist: 4327.
num_chunk_merges: 8.
num_chunk_splits: 2697.
num_chunks_enlarged: 1536.
num_inconsistent_stats: 0.

CodeHeap 'non-profiled nmethods': size=120000Kb used=8551Kb max_used=8551Kb free=111448Kb
 bounds [0x000001edd47f0000, 0x000001edd5050000, 0x000001eddbd20000]
CodeHeap 'profiled nmethods': size=120000Kb used=28085Kb max_used=28085Kb free=91914Kb
 bounds [0x000001edccd20000, 0x000001edce890000, 0x000001edd4250000]
CodeHeap 'non-nmethods': size=5760Kb used=1473Kb max_used=1584Kb free=4287Kb
 bounds [0x000001edd4250000, 0x000001edd44c0000, 0x000001edd47f0000]
CodeCache: size=245760Kb, used=38109Kb, max_used=38220Kb, free=207649Kb
 total_blobs=13239, nmethods=12449, adapters=695, full_count=0
Compilation: enabled, stopped_count=0, restarted_count=0

Compilation events (20 events):
Event: 2684.096 Thread 0x000001ede05b49e0 13274       3       java.lang.ProcessHandle::of (5 bytes)
Event: 2684.096 Thread 0x000001ede05b49e0 nmethod 13274 0x000001edce885010 code [0x000001edce8851c0, 0x000001edce8852d8]
Event: 2684.096 Thread 0x000001ede05b49e0 13275       3       java.lang.ProcessHandleImpl::isAlive (44 bytes)
Event: 2684.096 Thread 0x000001ede05b49e0 nmethod 13275 0x000001edce885390 code [0x000001edce885540, 0x000001edce8857a0]
Event: 2784.191 Thread 0x000001ede05b49e0 13276       3       java.util.concurrent.ScheduledThreadPoolExecutor$DelayedWorkQueue::finishPoll (43 bytes)
Event: 2784.197 Thread 0x000001ede05b49e0 nmethod 13276 0x000001edce885890 code [0x000001edce885a60, 0x000001edce885fe8]
Event: 2784.197 Thread 0x000001ede05b49e0 13278       3       java.util.concurrent.locks.AbstractQueuedSynchronizer$ConditionObject::awaitNanos (202 bytes)
Event: 2784.244 Thread 0x000001ede05b49e0 nmethod 13278 0x000001edce886190 code [0x000001edce886480, 0x000001edce8872a0]
Event: 2794.202 Thread 0x000001ede05b49e0 13279   !   3       java.util.concurrent.ScheduledThreadPoolExecutor$DelayedWorkQueue::offer (123 bytes)
Event: 2794.234 Thread 0x000001ede05b49e0 nmethod 13279 0x000001edce887810 code [0x000001edce887b20, 0x000001edce888eb0]
Event: 2794.234 Thread 0x000001ede05b49e0 13280       3       java.util.concurrent.ThreadPoolExecutor::ensurePrestart (41 bytes)
Event: 2794.246 Thread 0x000001ede05b49e0 nmethod 13280 0x000001edce889710 code [0x000001edce8898e0, 0x000001edce889b90]
Event: 2814.213 Thread 0x000001ede05b49e0 13281   !   3       java.util.concurrent.FutureTask::runAndReset (125 bytes)
Event: 2814.263 Thread 0x000001ede05b49e0 nmethod 13281 0x000001edce889c90 code [0x000001edce88a100, 0x000001edce88c5b0]
Event: 2814.263 Thread 0x000001ede05b49e0 13282       3       java.util.concurrent.ScheduledThreadPoolExecutor$ScheduledFutureTask::setNextRunTime (38 bytes)
Event: 2814.265 Thread 0x000001ede05b49e0 nmethod 13282 0x000001edce88d110 code [0x000001edce88d2c0, 0x000001edce88d550]
Event: 31765.791 Thread 0x000001ede05b49e0 13284       1       org.eclipse.core.internal.jobs.JobChangeEvent::getJob (5 bytes)
Event: 31765.802 Thread 0x000001ede05b49e0 nmethod 13284 0x000001edd5049810 code [0x000001edd50499a0, 0x000001edd5049a68]
Event: 31765.834 Thread 0x000001ede05b49e0 13285       1       org.eclipse.core.internal.jobs.InternalJob::setNext (6 bytes)
Event: 31765.838 Thread 0x000001ede05b49e0 nmethod 13285 0x000001edd5049b10 code [0x000001edd5049ca0, 0x000001edd5049d80]

GC Heap History (20 events):
Event: 92.585 GC heap before
{Heap before GC invocations=272 (full 3):
 PSYoungGen      total 3072K, used 2966K [0x00000000d5580000, 0x00000000d5980000, 0x0000000100000000)
  eden space 2560K, 99% used [0x00000000d5580000,0x00000000d57fd728,0x00000000d5800000)
  from space 512K, 81% used [0x00000000d5900000,0x00000000d5968488,0x00000000d5980000)
  to   space 512K, 0% used [0x00000000d5880000,0x00000000d5880000,0x00000000d5900000)
 ParOldGen       total 211456K, used 210960K [0x0000000080000000, 0x000000008ce80000, 0x00000000d5580000)
  object space 211456K, 99% used [0x0000000080000000,0x000000008ce04048,0x000000008ce80000)
 Metaspace       used 68284K, committed 69760K, reserved 1114112K
  class space    used 7257K, committed 7936K, reserved 1048576K
}
Event: 92.588 GC heap after
{Heap after GC invocations=272 (full 3):
 PSYoungGen      total 3072K, used 367K [0x00000000d5580000, 0x00000000d5980000, 0x0000000100000000)
  eden space 2560K, 0% used [0x00000000d5580000,0x00000000d5580000,0x00000000d5800000)
  from space 512K, 71% used [0x00000000d5880000,0x00000000d58dbd98,0x00000000d5900000)
  to   space 512K, 0% used [0x00000000d5900000,0x00000000d5900000,0x00000000d5980000)
 ParOldGen       total 215552K, used 214313K [0x0000000080000000, 0x000000008d280000, 0x00000000d5580000)
  object space 215552K, 99% used [0x0000000080000000,0x000000008d14a720,0x000000008d280000)
 Metaspace       used 68284K, committed 69760K, reserved 1114112K
  class space    used 7257K, committed 7936K, reserved 1048576K
}
Event: 92.657 GC heap before
{Heap before GC invocations=273 (full 3):
 PSYoungGen      total 3072K, used 2927K [0x00000000d5580000, 0x00000000d5980000, 0x0000000100000000)
  eden space 2560K, 100% used [0x00000000d5580000,0x00000000d5800000,0x00000000d5800000)
  from space 512K, 71% used [0x00000000d5880000,0x00000000d58dbd98,0x00000000d5900000)
  to   space 512K, 0% used [0x00000000d5900000,0x00000000d5900000,0x00000000d5980000)
 ParOldGen       total 215552K, used 214313K [0x0000000080000000, 0x000000008d280000, 0x00000000d5580000)
  object space 215552K, 99% used [0x0000000080000000,0x000000008d14a720,0x000000008d280000)
 Metaspace       used 68285K, committed 69760K, reserved 1114112K
  class space    used 7257K, committed 7936K, reserved 1048576K
}
Event: 92.658 GC heap after
{Heap after GC invocations=273 (full 3):
 PSYoungGen      total 3072K, used 256K [0x00000000d5580000, 0x00000000d5980000, 0x0000000100000000)
  eden space 2560K, 0% used [0x00000000d5580000,0x00000000d5580000,0x00000000d5800000)
  from space 512K, 50% used [0x00000000d5900000,0x00000000d5940000,0x00000000d5980000)
  to   space 512K, 0% used [0x00000000d5880000,0x00000000d5880000,0x00000000d5900000)
 ParOldGen       total 215552K, used 214361K [0x0000000080000000, 0x000000008d280000, 0x00000000d5580000)
  object space 215552K, 99% used [0x0000000080000000,0x000000008d156720,0x000000008d280000)
 Metaspace       used 68285K, committed 69760K, reserved 1114112K
  class space    used 7257K, committed 7936K, reserved 1048576K
}
Event: 92.724 GC heap before
{Heap before GC invocations=274 (full 3):
 PSYoungGen      total 3072K, used 2809K [0x00000000d5580000, 0x00000000d5980000, 0x0000000100000000)
  eden space 2560K, 99% used [0x00000000d5580000,0x00000000d57fe4b8,0x00000000d5800000)
  from space 512K, 50% used [0x00000000d5900000,0x00000000d5940000,0x00000000d5980000)
  to   space 512K, 0% used [0x00000000d5880000,0x00000000d5880000,0x00000000d5900000)
 ParOldGen       total 217600K, used 215918K [0x0000000080000000, 0x000000008d480000, 0x00000000d5580000)
  object space 217600K, 99% used [0x0000000080000000,0x000000008d2db848,0x000000008d480000)
 Metaspace       used 68342K, committed 69824K, reserved 1114112K
  class space    used 7267K, committed 7936K, reserved 1048576K
}
Event: 92.727 GC heap after
{Heap after GC invocations=274 (full 3):
 PSYoungGen      total 3072K, used 128K [0x00000000d5580000, 0x00000000d5980000, 0x0000000100000000)
  eden space 2560K, 0% used [0x00000000d5580000,0x00000000d5580000,0x00000000d5800000)
  from space 512K, 25% used [0x00000000d5880000,0x00000000d58a0000,0x00000000d5900000)
  to   space 512K, 0% used [0x00000000d5900000,0x00000000d5900000,0x00000000d5980000)
 ParOldGen       total 217600K, used 215958K [0x0000000080000000, 0x000000008d480000, 0x00000000d5580000)
  object space 217600K, 99% used [0x0000000080000000,0x000000008d2e5848,0x000000008d480000)
 Metaspace       used 68342K, committed 69824K, reserved 1114112K
  class space    used 7267K, committed 7936K, reserved 1048576K
}
Event: 93.502 GC heap before
{Heap before GC invocations=275 (full 3):
 PSYoungGen      total 3072K, used 2688K [0x00000000d5580000, 0x00000000d5980000, 0x0000000100000000)
  eden space 2560K, 100% used [0x00000000d5580000,0x00000000d5800000,0x00000000d5800000)
  from space 512K, 25% used [0x00000000d5880000,0x00000000d58a0000,0x00000000d5900000)
  to   space 512K, 0% used [0x00000000d5900000,0x00000000d5900000,0x00000000d5980000)
 ParOldGen       total 217600K, used 215958K [0x0000000080000000, 0x000000008d480000, 0x00000000d5580000)
  object space 217600K, 99% used [0x0000000080000000,0x000000008d2e5848,0x000000008d480000)
 Metaspace       used 68367K, committed 69888K, reserved 1114112K
  class space    used 7267K, committed 7936K, reserved 1048576K
}
Event: 93.504 GC heap after
{Heap after GC invocations=275 (full 3):
 PSYoungGen      total 3072K, used 192K [0x00000000d5580000, 0x00000000d5980000, 0x0000000100000000)
  eden space 2560K, 0% used [0x00000000d5580000,0x00000000d5580000,0x00000000d5800000)
  from space 512K, 37% used [0x00000000d5900000,0x00000000d5930000,0x00000000d5980000)
  to   space 512K, 0% used [0x00000000d5880000,0x00000000d5880000,0x00000000d5900000)
 ParOldGen       total 217600K, used 216038K [0x0000000080000000, 0x000000008d480000, 0x00000000d5580000)
  object space 217600K, 99% used [0x0000000080000000,0x000000008d2f9848,0x000000008d480000)
 Metaspace       used 68367K, committed 69888K, reserved 1114112K
  class space    used 7267K, committed 7936K, reserved 1048576K
}
Event: 94.143 GC heap before
{Heap before GC invocations=276 (full 3):
 PSYoungGen      total 3072K, used 2752K [0x00000000d5580000, 0x00000000d5980000, 0x0000000100000000)
  eden space 2560K, 100% used [0x00000000d5580000,0x00000000d5800000,0x00000000d5800000)
  from space 512K, 37% used [0x00000000d5900000,0x00000000d5930000,0x00000000d5980000)
  to   space 512K, 0% used [0x00000000d5880000,0x00000000d5880000,0x00000000d5900000)
 ParOldGen       total 217600K, used 216038K [0x0000000080000000, 0x000000008d480000, 0x00000000d5580000)
  object space 217600K, 99% used [0x0000000080000000,0x000000008d2f9848,0x000000008d480000)
 Metaspace       used 68421K, committed 69888K, reserved 1114112K
  class space    used 7270K, committed 7936K, reserved 1048576K
}
Event: 94.146 GC heap after
{Heap after GC invocations=276 (full 3):
 PSYoungGen      total 3072K, used 288K [0x00000000d5580000, 0x00000000d5980000, 0x0000000100000000)
  eden space 2560K, 0% used [0x00000000d5580000,0x00000000d5580000,0x00000000d5800000)
  from space 512K, 56% used [0x00000000d5880000,0x00000000d58c8000,0x00000000d5900000)
  to   space 512K, 0% used [0x00000000d5900000,0x00000000d5900000,0x00000000d5980000)
 ParOldGen       total 217600K, used 216086K [0x0000000080000000, 0x000000008d480000, 0x00000000d5580000)
  object space 217600K, 99% used [0x0000000080000000,0x000000008d305848,0x000000008d480000)
 Metaspace       used 68421K, committed 69888K, reserved 1114112K
  class space    used 7270K, committed 7936K, reserved 1048576K
}
Event: 94.416 GC heap before
{Heap before GC invocations=277 (full 3):
 PSYoungGen      total 3072K, used 2844K [0x00000000d5580000, 0x00000000d5980000, 0x0000000100000000)
  eden space 2560K, 99% used [0x00000000d5580000,0x00000000d57ff260,0x00000000d5800000)
  from space 512K, 56% used [0x00000000d5880000,0x00000000d58c8000,0x00000000d5900000)
  to   space 512K, 0% used [0x00000000d5900000,0x00000000d5900000,0x00000000d5980000)
 ParOldGen       total 217600K, used 216086K [0x0000000080000000, 0x000000008d480000, 0x00000000d5580000)
  object space 217600K, 99% used [0x0000000080000000,0x000000008d305848,0x000000008d480000)
 Metaspace       used 68597K, committed 70144K, reserved 1114112K
  class space    used 7287K, committed 7936K, reserved 1048576K
}
Event: 94.419 GC heap after
{Heap after GC invocations=277 (full 3):
 PSYoungGen      total 3072K, used 384K [0x00000000d5580000, 0x00000000d5980000, 0x0000000100000000)
  eden space 2560K, 0% used [0x00000000d5580000,0x00000000d5580000,0x00000000d5800000)
  from space 512K, 75% used [0x00000000d5900000,0x00000000d5960000,0x00000000d5980000)
  to   space 512K, 0% used [0x00000000d5880000,0x00000000d5880000,0x00000000d5900000)
 ParOldGen       total 217600K, used 216214K [0x0000000080000000, 0x000000008d480000, 0x00000000d5580000)
  object space 217600K, 99% used [0x0000000080000000,0x000000008d325848,0x000000008d480000)
 Metaspace       used 68597K, committed 70144K, reserved 1114112K
  class space    used 7287K, committed 7936K, reserved 1048576K
}
Event: 94.574 GC heap before
{Heap before GC invocations=278 (full 3):
 PSYoungGen      total 3072K, used 2942K [0x00000000d5580000, 0x00000000d5980000, 0x0000000100000000)
  eden space 2560K, 99% used [0x00000000d5580000,0x00000000d57ffa48,0x00000000d5800000)
  from space 512K, 75% used [0x00000000d5900000,0x00000000d5960000,0x00000000d5980000)
  to   space 512K, 0% used [0x00000000d5880000,0x00000000d5880000,0x00000000d5900000)
 ParOldGen       total 217600K, used 216214K [0x0000000080000000, 0x000000008d480000, 0x00000000d5580000)
  object space 217600K, 99% used [0x0000000080000000,0x000000008d325848,0x000000008d480000)
 Metaspace       used 68857K, committed 70400K, reserved 1114112K
  class space    used 7323K, committed 8000K, reserved 1048576K
}
Event: 94.576 GC heap after
{Heap after GC invocations=278 (full 3):
 PSYoungGen      total 3072K, used 352K [0x00000000d5580000, 0x00000000d5980000, 0x0000000100000000)
  eden space 2560K, 0% used [0x00000000d5580000,0x00000000d5580000,0x00000000d5800000)
  from space 512K, 68% used [0x00000000d5880000,0x00000000d58d8000,0x00000000d5900000)
  to   space 512K, 0% used [0x00000000d5900000,0x00000000d5900000,0x00000000d5980000)
 ParOldGen       total 217600K, used 216350K [0x0000000080000000, 0x000000008d480000, 0x00000000d5580000)
  object space 217600K, 99% used [0x0000000080000000,0x000000008d347848,0x000000008d480000)
 Metaspace       used 68857K, committed 70400K, reserved 1114112K
  class space    used 7323K, committed 8000K, reserved 1048576K
}
Event: 94.740 GC heap before
{Heap before GC invocations=279 (full 3):
 PSYoungGen      total 3072K, used 2912K [0x00000000d5580000, 0x00000000d5980000, 0x0000000100000000)
  eden space 2560K, 100% used [0x00000000d5580000,0x00000000d5800000,0x00000000d5800000)
  from space 512K, 68% used [0x00000000d5880000,0x00000000d58d8000,0x00000000d5900000)
  to   space 512K, 0% used [0x00000000d5900000,0x00000000d5900000,0x00000000d5980000)
 ParOldGen       total 217600K, used 216350K [0x0000000080000000, 0x000000008d480000, 0x00000000d5580000)
  object space 217600K, 99% used [0x0000000080000000,0x000000008d347848,0x000000008d480000)
 Metaspace       used 69002K, committed 70528K, reserved 1114112K
  class space    used 7343K, committed 8000K, reserved 1048576K
}
Event: 94.742 GC heap after
{Heap after GC invocations=279 (full 3):
 PSYoungGen      total 3072K, used 288K [0x00000000d5580000, 0x00000000d5980000, 0x0000000100000000)
  eden space 2560K, 0% used [0x00000000d5580000,0x00000000d5580000,0x00000000d5800000)
  from space 512K, 56% used [0x00000000d5900000,0x00000000d5948000,0x00000000d5980000)
  to   space 512K, 0% used [0x00000000d5880000,0x00000000d5880000,0x00000000d5900000)
 ParOldGen       total 217600K, used 216486K [0x0000000080000000, 0x000000008d480000, 0x00000000d5580000)
  object space 217600K, 99% used [0x0000000080000000,0x000000008d369988,0x000000008d480000)
 Metaspace       used 69002K, committed 70528K, reserved 1114112K
  class space    used 7343K, committed 8000K, reserved 1048576K
}
Event: 94.867 GC heap before
{Heap before GC invocations=280 (full 3):
 PSYoungGen      total 3072K, used 2846K [0x00000000d5580000, 0x00000000d5980000, 0x0000000100000000)
  eden space 2560K, 99% used [0x00000000d5580000,0x00000000d57ff9d0,0x00000000d5800000)
  from space 512K, 56% used [0x00000000d5900000,0x00000000d5948000,0x00000000d5980000)
  to   space 512K, 0% used [0x00000000d5880000,0x00000000d5880000,0x00000000d5900000)
 ParOldGen       total 217600K, used 216486K [0x0000000080000000, 0x000000008d480000, 0x00000000d5580000)
  object space 217600K, 99% used [0x0000000080000000,0x000000008d369988,0x000000008d480000)
 Metaspace       used 69116K, committed 70720K, reserved 1114112K
  class space    used 7362K, committed 8064K, reserved 1048576K
}
Event: 94.871 GC heap after
{Heap after GC invocations=280 (full 3):
 PSYoungGen      total 3072K, used 256K [0x00000000d5580000, 0x00000000d5980000, 0x0000000100000000)
  eden space 2560K, 0% used [0x00000000d5580000,0x00000000d5580000,0x00000000d5800000)
  from space 512K, 50% used [0x00000000d5880000,0x00000000d58c0000,0x00000000d5900000)
  to   space 512K, 0% used [0x00000000d5900000,0x00000000d5900000,0x00000000d5980000)
 ParOldGen       total 217600K, used 216681K [0x0000000080000000, 0x000000008d480000, 0x00000000d5580000)
  object space 217600K, 99% used [0x0000000080000000,0x000000008d39a760,0x000000008d480000)
 Metaspace       used 69116K, committed 70720K, reserved 1114112K
  class space    used 7362K, committed 8064K, reserved 1048576K
}
Event: 94.985 GC heap before
{Heap before GC invocations=281 (full 3):
 PSYoungGen      total 3072K, used 2816K [0x00000000d5580000, 0x00000000d5980000, 0x0000000100000000)
  eden space 2560K, 100% used [0x00000000d5580000,0x00000000d5800000,0x00000000d5800000)
  from space 512K, 50% used [0x00000000d5880000,0x00000000d58c0000,0x00000000d5900000)
  to   space 512K, 0% used [0x00000000d5900000,0x00000000d5900000,0x00000000d5980000)
 ParOldGen       total 217600K, used 216681K [0x0000000080000000, 0x000000008d480000, 0x00000000d5580000)
  object space 217600K, 99% used [0x0000000080000000,0x000000008d39a760,0x000000008d480000)
 Metaspace       used 69206K, committed 70784K, reserved 1114112K
  class space    used 7377K, committed 8064K, reserved 1048576K
}
Event: 94.987 GC heap after
{Heap after GC invocations=281 (full 3):
 PSYoungGen      total 3072K, used 256K [0x00000000d5580000, 0x00000000d5980000, 0x0000000100000000)
  eden space 2560K, 0% used [0x00000000d5580000,0x00000000d5580000,0x00000000d5800000)
  from space 512K, 50% used [0x00000000d5900000,0x00000000d5940000,0x00000000d5980000)
  to   space 512K, 0% used [0x00000000d5880000,0x00000000d5880000,0x00000000d5900000)
 ParOldGen       total 217600K, used 216841K [0x0000000080000000, 0x000000008d480000, 0x00000000d5580000)
  object space 217600K, 99% used [0x0000000080000000,0x000000008d3c2760,0x000000008d480000)
 Metaspace       used 69206K, committed 70784K, reserved 1114112K
  class space    used 7377K, committed 8064K, reserved 1048576K
}

Dll operation events (12 events):
Event: 0.059 Loaded shared library c:\Users\lenovo\.vscode\extensions\redhat.java-1.55.0-win32-x64\jre\21.0.11-win32-x86_64\bin\java.dll
Event: 0.298 Loaded shared library c:\Users\lenovo\.vscode\extensions\redhat.java-1.55.0-win32-x64\jre\21.0.11-win32-x86_64\bin\zip.dll
Event: 0.381 Loaded shared library C:\Users\lenovo\.vscode\extensions\redhat.java-1.55.0-win32-x64\jre\21.0.11-win32-x86_64\bin\instrument.dll
Event: 0.397 Loaded shared library C:\Users\lenovo\.vscode\extensions\redhat.java-1.55.0-win32-x64\jre\21.0.11-win32-x86_64\bin\net.dll
Event: 0.418 Loaded shared library C:\Users\lenovo\.vscode\extensions\redhat.java-1.55.0-win32-x64\jre\21.0.11-win32-x86_64\bin\nio.dll
Event: 0.459 Loaded shared library C:\Users\lenovo\.vscode\extensions\redhat.java-1.55.0-win32-x64\jre\21.0.11-win32-x86_64\bin\zip.dll
Event: 0.523 Loaded shared library C:\Users\lenovo\.vscode\extensions\redhat.java-1.55.0-win32-x64\jre\21.0.11-win32-x86_64\bin\jimage.dll
Event: 0.804 Loaded shared library c:\Users\lenovo\.vscode\extensions\redhat.java-1.55.0-win32-x64\jre\21.0.11-win32-x86_64\bin\verify.dll
Event: 13.109 Loaded shared library C:\Users\lenovo\AppData\Roaming\Code\User\globalStorage\redhat.java\1.55.0\config_win\org.eclipse.equinox.launcher\org.eclipse.equinox.launcher.win32.win32.x86_64_1.3.100.v20260613-0559\eclipse_11924.dll
Event: 30.298 Loaded shared library C:\Users\lenovo\AppData\Local\Temp\jna--1106355917\jna16597275092082118602.dll
Event: 31.850 Loaded shared library C:\Users\lenovo\.vscode\extensions\redhat.java-1.55.0-win32-x64\jre\21.0.11-win32-x86_64\bin\sunmscapi.dll
Event: 32.291 Loaded shared library C:\Users\lenovo\.vscode\extensions\redhat.java-1.55.0-win32-x64\jre\21.0.11-win32-x86_64\bin\extnet.dll

Deoptimization events (20 events):
Event: 94.479 Thread 0x000001ede653d520 Uncommon trap: trap_request=0xffffffd6 fr.pc=0x000001edd4fc09f0 relative=0x0000000000000bb0
Event: 94.479 Thread 0x000001ede653d520 Uncommon trap: reason=array_check action=maybe_recompile pc=0x000001edd4fc09f0 method=com.google.gson.internal.GsonTypes$ParameterizedTypeImpl.<init>(Ljava/lang/reflect/Type;Ljava/lang/Class;[Ljava/lang/reflect/Type;)V @ 136 c2
Event: 94.479 Thread 0x000001ede653d520 DEOPT PACKING pc=0x000001edd4fc09f0 sp=0x000000c5ca7fdd10
Event: 94.479 Thread 0x000001ede653d520 DEOPT UNPACKING pc=0x000001edd42a3aa2 sp=0x000000c5ca7fdbe0 mode 2
Event: 94.480 Thread 0x000001ede653d520 Uncommon trap: trap_request=0xffffffd6 fr.pc=0x000001edd4fc09f0 relative=0x0000000000000bb0
Event: 94.480 Thread 0x000001ede653d520 Uncommon trap: reason=array_check action=maybe_recompile pc=0x000001edd4fc09f0 method=com.google.gson.internal.GsonTypes$ParameterizedTypeImpl.<init>(Ljava/lang/reflect/Type;Ljava/lang/Class;[Ljava/lang/reflect/Type;)V @ 136 c2
Event: 94.480 Thread 0x000001ede653d520 DEOPT PACKING pc=0x000001edd4fc09f0 sp=0x000000c5ca7fdd10
Event: 94.480 Thread 0x000001ede653d520 DEOPT UNPACKING pc=0x000001edd42a3aa2 sp=0x000000c5ca7fdbe0 mode 2
Event: 94.667 Thread 0x000001ede653d520 Uncommon trap: trap_request=0xffffff45 fr.pc=0x000001edd4f797cc relative=0x00000000000003ec
Event: 94.667 Thread 0x000001ede653d520 Uncommon trap: reason=unstable_if action=reinterpret pc=0x000001edd4f797cc method=java.util.IdentityHashMap.maskNull(Ljava/lang/Object;)Ljava/lang/Object; @ 1 c2
Event: 94.667 Thread 0x000001ede653d520 DEOPT PACKING pc=0x000001edd4f797cc sp=0x000000c5ca7fcc50
Event: 94.667 Thread 0x000001ede653d520 DEOPT UNPACKING pc=0x000001edd42a3aa2 sp=0x000000c5ca7fcb68 mode 2
Event: 94.673 Thread 0x000001ede653d520 Uncommon trap: trap_request=0xffffff45 fr.pc=0x000001edd4f35be8 relative=0x0000000000000048
Event: 94.673 Thread 0x000001ede653d520 Uncommon trap: reason=unstable_if action=reinterpret pc=0x000001edd4f35be8 method=java.util.IdentityHashMap.maskNull(Ljava/lang/Object;)Ljava/lang/Object; @ 1 c2
Event: 94.673 Thread 0x000001ede653d520 DEOPT PACKING pc=0x000001edd4f35be8 sp=0x000000c5ca7fc690
Event: 94.673 Thread 0x000001ede653d520 DEOPT UNPACKING pc=0x000001edd42a3aa2 sp=0x000000c5ca7fc630 mode 2
Event: 94.825 Thread 0x000001ede653d520 Uncommon trap: trap_request=0xffffff45 fr.pc=0x000001edd4f5f310 relative=0x0000000000000330
Event: 94.825 Thread 0x000001ede653d520 Uncommon trap: reason=unstable_if action=reinterpret pc=0x000001edd4f5f310 method=java.util.regex.Matcher.find()Z @ 10 c2
Event: 94.825 Thread 0x000001ede653d520 DEOPT PACKING pc=0x000001edd4f5f310 sp=0x000000c5ca7fd340
Event: 94.825 Thread 0x000001ede653d520 DEOPT UNPACKING pc=0x000001edd42a3aa2 sp=0x000000c5ca7fd2e8 mode 2

Classes loaded (20 events):
Event: 74.555 Loading class java/util/stream/Nodes$IntFixedNodeBuilder
Event: 74.556 Loading class java/util/stream/Node$Builder$OfInt
Event: 74.556 Loading class java/util/stream/Node$Builder$OfInt done
Event: 74.556 Loading class java/util/stream/Nodes$IntArrayNode
Event: 74.556 Loading class java/util/stream/Nodes$IntArrayNode done
Event: 74.557 Loading class java/util/stream/Nodes$IntFixedNodeBuilder done
Event: 74.557 Loading class java/util/stream/ReferencePipeline$4$1
Event: 74.558 Loading class java/util/stream/ReferencePipeline$4$1 done
Event: 77.071 Loading class sun/nio/cs/ISO_8859_1$Decoder
Event: 77.072 Loading class sun/nio/cs/ISO_8859_1$Decoder done
Event: 92.276 Loading class java/util/AbstractList$RandomAccessSubList
Event: 92.276 Loading class java/util/AbstractList$SubList
Event: 92.277 Loading class java/util/AbstractList$SubList done
Event: 92.277 Loading class java/util/AbstractList$RandomAccessSubList done
Event: 92.278 Loading class java/util/AbstractList$SubList$1
Event: 92.278 Loading class java/util/AbstractList$SubList$1 done
Event: 92.662 Loading class java/util/HashMap$EntrySpliterator
Event: 92.662 Loading class java/util/HashMap$EntrySpliterator done
Event: 94.599 Loading class java/lang/StringLatin1$LinesSpliterator
Event: 94.599 Loading class java/lang/StringLatin1$LinesSpliterator done

Classes unloaded (7 events):
Event: 30.934 Thread 0x000001edc9bc19c0 Unloading class 0x000001ed811a4800 'java/lang/invoke/LambdaForm$MH+0x000001ed811a4800'
Event: 30.934 Thread 0x000001edc9bc19c0 Unloading class 0x000001ed811a4400 'java/lang/invoke/LambdaForm$MH+0x000001ed811a4400'
Event: 30.934 Thread 0x000001edc9bc19c0 Unloading class 0x000001ed811a4000 'java/lang/invoke/LambdaForm$MH+0x000001ed811a4000'
Event: 30.934 Thread 0x000001edc9bc19c0 Unloading class 0x000001ed811a3c00 'java/lang/invoke/LambdaForm$MH+0x000001ed811a3c00'
Event: 30.934 Thread 0x000001edc9bc19c0 Unloading class 0x000001ed811a3800 'java/lang/invoke/LambdaForm$BMH+0x000001ed811a3800'
Event: 30.934 Thread 0x000001edc9bc19c0 Unloading class 0x000001ed811a3400 'java/lang/invoke/LambdaForm$DMH+0x000001ed811a3400'
Event: 30.934 Thread 0x000001edc9bc19c0 Unloading class 0x000001ed811a2000 'java/lang/invoke/LambdaForm$DMH+0x000001ed811a2000'

Classes redefined (0 events):
No events

Internal exceptions (20 events):
Event: 92.298 Thread 0x000001ede7679a10 Exception <a 'sun/nio/fs/WindowsException'{0x00000000d5721b40}> (0x00000000d5721b40) 
thrown [s\src\hotspot\share\prims\jni.cpp, line 520]
Event: 92.298 Thread 0x000001ede7679a10 Exception <a 'sun/nio/fs/WindowsException'{0x00000000d5722748}> (0x00000000d5722748) 
thrown [s\src\hotspot\share\prims\jni.cpp, line 520]
Event: 92.299 Thread 0x000001ede7679a10 Exception <a 'sun/nio/fs/WindowsException'{0x00000000d5723e18}> (0x00000000d5723e18) 
thrown [s\src\hotspot\share\prims\jni.cpp, line 520]
Event: 92.299 Thread 0x000001ede7679a10 Exception <a 'sun/nio/fs/WindowsException'{0x00000000d5724938}> (0x00000000d5724938) 
thrown [s\src\hotspot\share\prims\jni.cpp, line 520]
Event: 92.300 Thread 0x000001ede7679a10 Exception <a 'sun/nio/fs/WindowsException'{0x00000000d57321f8}> (0x00000000d57321f8) 
thrown [s\src\hotspot\share\prims\jni.cpp, line 520]
Event: 92.300 Thread 0x000001ede7679a10 Exception <a 'sun/nio/fs/WindowsException'{0x00000000d5732d20}> (0x00000000d5732d20) 
thrown [s\src\hotspot\share\prims\jni.cpp, line 520]
Event: 92.301 Thread 0x000001ede7679a10 Exception <a 'sun/nio/fs/WindowsException'{0x00000000d5744080}> (0x00000000d5744080) 
thrown [s\src\hotspot\share\prims\jni.cpp, line 520]
Event: 92.301 Thread 0x000001ede7679a10 Exception <a 'sun/nio/fs/WindowsException'{0x00000000d5744cb8}> (0x00000000d5744cb8) 
thrown [s\src\hotspot\share\prims\jni.cpp, line 520]
Event: 92.341 Thread 0x000001ede7679380 Exception <a 'sun/nio/fs/WindowsException'{0x00000000d56fd548}> (0x00000000d56fd548) 
thrown [s\src\hotspot\share\prims\jni.cpp, line 520]
Event: 92.341 Thread 0x000001ede7679380 Exception <a 'sun/nio/fs/WindowsException'{0x00000000d56fde28}> (0x00000000d56fde28) 
thrown [s\src\hotspot\share\prims\jni.cpp, line 520]
Event: 92.342 Thread 0x000001ede7679380 Exception <a 'sun/nio/fs/WindowsException'{0x00000000d5706ff0}> (0x00000000d5706ff0) 
thrown [s\src\hotspot\share\prims\jni.cpp, line 520]
Event: 92.342 Thread 0x000001ede7679380 Exception <a 'sun/nio/fs/WindowsException'{0x00000000d5753470}> (0x00000000d5753470) 
thrown [s\src\hotspot\share\prims\jni.cpp, line 520]
Event: 92.671 Thread 0x000001ede653d520 Exception <a 'java/lang/NoSuchMethodError'{0x00000000d5635008}: 'java.lang.Object java.lang.invoke.DirectMethodHandle$Holder.invokeSpecial(java.lang.Object, java.lang.Object, int, long)'> (0x00000000d5635008) 
thrown [s\src\hotspot\share\interpreter\linkResolver.cpp, line 773]
Event: 94.465 Thread 0x000001ede653d520 Exception <a 'java/lang/NoSuchMethodError'{0x00000000d56a2968}: 'java.lang.Object java.lang.invoke.DirectMethodHandle$Holder.invokeStatic(java.lang.Object, java.lang.Object, int, java.lang.Object)'> (0x00000000d56a2968) 
thrown [s\src\hotspot\share\interpreter\linkResolver.cpp, line 773]
Event: 94.467 Thread 0x000001ede653d520 Exception <a 'java/lang/NoSuchMethodError'{0x00000000d56a92c8}: 'java.lang.Object java.lang.invoke.DirectMethodHandle$Holder.newInvokeSpecial(java.lang.Object, java.lang.Object, int)'> (0x00000000d56a92c8) 
thrown [s\src\hotspot\share\interpreter\linkResolver.cpp, line 773]
Event: 94.600 Thread 0x000001ede653d520 Exception <a 'java/lang/NoSuchMethodError'{0x00000000d55fea20}: 'java.lang.Object java.lang.invoke.DirectMethodHandle$Holder.invokeStatic(java.lang.Object, int, java.lang.Object)'> (0x00000000d55fea20) 
thrown [s\src\hotspot\share\interpreter\linkResolver.cpp, line 773]
Event: 94.667 Thread 0x000001ede653d520 Implicit null exception at 0x000001edd4f79425 to 0x000001edd4f797b8
Event: 94.850 Thread 0x000001ede653d520 Exception <a 'java/lang/NoSuchMethodError'{0x00000000d57a8ba0}: 'void java.lang.invoke.DelegatingMethodHandle$Holder.reinvoke_L(java.lang.Object, java.lang.Object, java.lang.Object, int, java.lang.Object, int, int)'> (0x00000000d57a8ba0) 
thrown [s\src\hotspot\share\interpreter\linkResolver.cpp, line 773]
Event: 94.969 Thread 0x000001ede653d520 Exception <a 'java/lang/NoSuchMethodError'{0x00000000d576d030}: 'java.lang.Object java.lang.invoke.DirectMethodHandle$Holder.invokeStatic(java.lang.Object, java.lang.Object, int, int)'> (0x00000000d576d030) 
thrown [s\src\hotspot\share\interpreter\linkResolver.cpp, line 773]
Event: 94.969 Thread 0x000001ede653d520 Exception <a 'java/lang/NoSuchMethodError'{0x00000000d5770d60}: 'java.lang.Object java.lang.invoke.DirectMethodHandle$Holder.invokeSpecial(java.lang.Object, java.lang.Object, java.lang.Object, int, int)'> (0x00000000d5770d60) 
thrown [s\src\hotspot\share\interpreter\linkResolver.cpp, line 773]

ZGC Phase Switch (0 events):
No events

VM Operations (20 events):
Event: 2646.197 Executing non-safepoint VM operation: RendezvousGCThreads
Event: 2646.197 Executing non-safepoint VM operation: RendezvousGCThreads done
Event: 2706.435 Executing non-safepoint VM operation: HandshakeAllThreads (HandshakeForDeflation)
Event: 2706.435 Executing non-safepoint VM operation: HandshakeAllThreads (HandshakeForDeflation) done
Event: 2706.435 Executing non-safepoint VM operation: RendezvousGCThreads
Event: 2706.435 Executing non-safepoint VM operation: RendezvousGCThreads done
Event: 2766.615 Executing non-safepoint VM operation: HandshakeAllThreads (HandshakeForDeflation)
Event: 2766.615 Executing non-safepoint VM operation: HandshakeAllThreads (HandshakeForDeflation) done
Event: 2766.615 Executing non-safepoint VM operation: RendezvousGCThreads
Event: 2766.615 Executing non-safepoint VM operation: RendezvousGCThreads done
Event: 2826.781 Executing non-safepoint VM operation: HandshakeAllThreads (HandshakeForDeflation)
Event: 2826.781 Executing non-safepoint VM operation: HandshakeAllThreads (HandshakeForDeflation) done
Event: 2826.782 Executing non-safepoint VM operation: RendezvousGCThreads
Event: 2826.782 Executing non-safepoint VM operation: RendezvousGCThreads done
Event: 31766.626 Executing safepoint VM operation: Cleanup
Event: 31766.631 Executing safepoint VM operation: Cleanup done
Event: 31770.461 Executing non-safepoint VM operation: HandshakeAllThreads (HandshakeForDeflation)
Event: 31770.461 Executing non-safepoint VM operation: HandshakeAllThreads (HandshakeForDeflation) done
Event: 31770.461 Executing non-safepoint VM operation: RendezvousGCThreads
Event: 31770.461 Executing non-safepoint VM operation: RendezvousGCThreads done

Memory protections (0 events):
No events

Nmethod flushes (20 events):
Event: 53.226 Thread 0x000001edc9bc19c0 flushing  nmethod 0x000001edcd50f210
Event: 53.226 Thread 0x000001edc9bc19c0 flushing  nmethod 0x000001edcd527f10
Event: 53.226 Thread 0x000001edc9bc19c0 flushing  nmethod 0x000001edcd57f110
Event: 53.226 Thread 0x000001edc9bc19c0 flushing  nmethod 0x000001edcd595190
Event: 53.226 Thread 0x000001edc9bc19c0 flushing  nmethod 0x000001edcd5a6190
Event: 53.226 Thread 0x000001edc9bc19c0 flushing  nmethod 0x000001edcd5aa890
Event: 53.226 Thread 0x000001edc9bc19c0 flushing  nmethod 0x000001edcd5add90
Event: 53.226 Thread 0x000001edc9bc19c0 flushing  nmethod 0x000001edcd5aec90
Event: 53.226 Thread 0x000001edc9bc19c0 flushing  nmethod 0x000001edcd5af990
Event: 53.226 Thread 0x000001edc9bc19c0 flushing  nmethod 0x000001edcd5b0b90
Event: 53.226 Thread 0x000001edc9bc19c0 flushing  nmethod 0x000001edcd5b8d10
Event: 53.226 Thread 0x000001edc9bc19c0 flushing  nmethod 0x000001edcd5c7290
Event: 53.226 Thread 0x000001edc9bc19c0 flushing  nmethod 0x000001edcd5c7890
Event: 53.226 Thread 0x000001edc9bc19c0 flushing  nmethod 0x000001edcd5c8110
Event: 53.226 Thread 0x000001edc9bc19c0 flushing  nmethod 0x000001edcd5c8e10
Event: 53.226 Thread 0x000001edc9bc19c0 flushing  nmethod 0x000001edcd5cab10
Event: 53.226 Thread 0x000001edc9bc19c0 flushing  nmethod 0x000001edcd5ef090
Event: 53.226 Thread 0x000001edc9bc19c0 flushing  nmethod 0x000001edcd5f1290
Event: 53.226 Thread 0x000001edc9bc19c0 flushing  nmethod 0x000001edcd5fe710
Event: 53.226 Thread 0x000001edc9bc19c0 flushing  nmethod 0x000001edcd67b890

Events (20 events):
Event: 88.032 Thread 0x000001ede767a730 Thread exited: 0x000001ede767a730
Event: 88.032 Thread 0x000001ede7678660 Thread exited: 0x000001ede7678660
Event: 92.137 Thread 0x000001ede05b49e0 Thread added: 0x000001ede93ded90
Event: 93.610 Thread 0x000001ede93ded90 Thread exited: 0x000001ede93ded90
Event: 152.257 Thread 0x000001ede653c800 Thread exited: 0x000001ede653c800
Event: 152.281 Thread 0x000001ede653e240 Thread exited: 0x000001ede653e240
Event: 154.000 Thread 0x000001ede653bae0 Thread exited: 0x000001ede653bae0
Event: 154.097 Thread 0x000001ede7679a10 Thread exited: 0x000001ede7679a10
Event: 214.097 Thread 0x000001ede7679380 Thread exited: 0x000001ede7679380
Event: 274.106 Thread 0x000001ede767a0a0 Thread exited: 0x000001ede767a0a0
Event: 334.111 Thread 0x000001ede7676c20 Thread exited: 0x000001ede7676c20
Event: 356.797 Thread 0x000001ede92d02f0 Thread exited: 0x000001ede92d02f0
Event: 394.123 Thread 0x000001ede7676590 Thread exited: 0x000001ede7676590
Event: 454.126 Thread 0x000001ede76772b0 Thread exited: 0x000001ede76772b0
Event: 656.804 Thread 0x000001ede92cfc60 Thread exited: 0x000001ede92cfc60
Event: 956.806 Thread 0x000001ede92cef40 Thread exited: 0x000001ede92cef40
Event: 1256.814 Thread 0x000001ede92d0980 Thread exited: 0x000001ede92d0980
Event: 1556.815 Thread 0x000001ede92ce8b0 Thread exited: 0x000001ede92ce8b0
Event: 1856.828 Thread 0x000001ede92d16a0 Thread exited: 0x000001ede92d16a0
Event: 2156.831 Thread 0x000001ede92cf5d0 Thread exited: 0x000001ede92cf5d0


Dynamic libraries:
0x00007ff7b5ce0000 - 0x00007ff7b5cee000 	c:\Users\lenovo\.vscode\extensions\redhat.java-1.55.0-win32-x64\jre\21.0.11-win32-x86_64\bin\java.exe
0x00007ffbec460000 - 0x00007ffbec6c6000 	C:\WINDOWS\SYSTEM32\ntdll.dll
0x00007ffbeae60000 - 0x00007ffbeaf29000 	C:\WINDOWS\System32\KERNEL32.DLL
0x00007ffbe9890000 - 0x00007ffbe9c8e000 	C:\WINDOWS\System32\KERNELBASE.dll
0x00007ffbe9d60000 - 0x00007ffbe9eac000 	C:\WINDOWS\System32\ucrtbase.dll
0x00007ffbe3590000 - 0x00007ffbe35ae000 	c:\Users\lenovo\.vscode\extensions\redhat.java-1.55.0-win32-x64\jre\21.0.11-win32-x86_64\bin\VCRUNTIME140.dll
0x00007ffbe36f0000 - 0x00007ffbe3708000 	c:\Users\lenovo\.vscode\extensions\redhat.java-1.55.0-win32-x64\jre\21.0.11-win32-x86_64\bin\jli.dll
0x00007ffbeac80000 - 0x00007ffbeae47000 	C:\WINDOWS\System32\USER32.dll
0x00007ffbd5a40000 - 0x00007ffbd5cd2000 	C:\WINDOWS\WinSxS\amd64_microsoft.windows.common-controls_6595b64144ccf1df_6.0.26100.8894_none_3e0f749ee32e02ea\COMCTL32.dll
0x00007ffbea030000 - 0x00007ffbea057000 	C:\WINDOWS\System32\win32u.dll
0x00007ffbea570000 - 0x00007ffbea619000 	C:\WINDOWS\System32\msvcrt.dll
0x00007ffbeb480000 - 0x00007ffbeb4ab000 	C:\WINDOWS\System32\GDI32.dll
0x00007ffbea060000 - 0x00007ffbea18a000 	C:\WINDOWS\System32\gdi32full.dll
0x00007ffbe9ec0000 - 0x00007ffbe9f63000 	C:\WINDOWS\System32\msvcp_win.dll
0x00007ffbea290000 - 0x00007ffbea2c2000 	C:\WINDOWS\System32\IMM32.DLL
0x00007ffbe5450000 - 0x00007ffbe545c000 	c:\Users\lenovo\.vscode\extensions\redhat.java-1.55.0-win32-x64\jre\21.0.11-win32-x86_64\bin\vcruntime140_1.dll
0x00007ffbaecd0000 - 0x00007ffbaed5d000 	c:\Users\lenovo\.vscode\extensions\redhat.java-1.55.0-win32-x64\jre\21.0.11-win32-x86_64\bin\msvcp140.dll
0x00007ffb3e850000 - 0x00007ffb3f5f2000 	c:\Users\lenovo\.vscode\extensions\redhat.java-1.55.0-win32-x64\jre\21.0.11-win32-x86_64\bin\server\jvm.dll
0x00007ffbeaf30000 - 0x00007ffbeafe7000 	C:\WINDOWS\System32\ADVAPI32.dll
0x00007ffbea4b0000 - 0x00007ffbea55a000 	C:\WINDOWS\System32\sechost.dll
0x00007ffbeab60000 - 0x00007ffbeac78000 	C:\WINDOWS\System32\RPCRT4.dll
0x00007ffbea6f0000 - 0x00007ffbea770000 	C:\WINDOWS\System32\WS2_32.dll
0x00007ffbe94e0000 - 0x00007ffbe953e000 	C:\WINDOWS\SYSTEM32\POWRPROF.dll
0x00007ffbd5d10000 - 0x00007ffbd5d46000 	C:\WINDOWS\SYSTEM32\WINMM.dll
0x00007ffbe19a0000 - 0x00007ffbe19ab000 	C:\WINDOWS\SYSTEM32\VERSION.dll
0x00007ffbe94c0000 - 0x00007ffbe94d4000 	C:\WINDOWS\SYSTEM32\UMPDC.dll
0x00007ffbe8330000 - 0x00007ffbe834b000 	C:\WINDOWS\SYSTEM32\kernel.appcore.dll
0x00007ffbe5040000 - 0x00007ffbe504a000 	c:\Users\lenovo\.vscode\extensions\redhat.java-1.55.0-win32-x64\jre\21.0.11-win32-x86_64\bin\jimage.dll
0x00007ffbe6ac0000 - 0x00007ffbe6d02000 	C:\WINDOWS\SYSTEM32\DBGHELP.DLL
0x00007ffbea7d0000 - 0x00007ffbeab53000 	C:\WINDOWS\System32\combase.dll
0x00007ffbeaff0000 - 0x00007ffbeb0c9000 	C:\WINDOWS\System32\OLEAUT32.dll
0x00007ffbd59d0000 - 0x00007ffbd5a0b000 	C:\WINDOWS\SYSTEM32\dbgcore.DLL
0x00007ffbe9ca0000 - 0x00007ffbe9d4c000 	C:\WINDOWS\System32\bcryptPrimitives.dll
0x00007ffbe3cb0000 - 0x00007ffbe3cbf000 	c:\Users\lenovo\.vscode\extensions\redhat.java-1.55.0-win32-x64\jre\21.0.11-win32-x86_64\bin\instrument.dll
0x00007ffbe3b80000 - 0x00007ffbe3ba0000 	c:\Users\lenovo\.vscode\extensions\redhat.java-1.55.0-win32-x64\jre\21.0.11-win32-x86_64\bin\java.dll
0x00007ffbebc80000 - 0x00007ffbec412000 	C:\WINDOWS\System32\SHELL32.dll
0x00007ffbe7100000 - 0x00007ffbe7992000 	C:\WINDOWS\SYSTEM32\windows.storage.dll
0x00007ffbebae0000 - 0x00007ffbebbd7000 	C:\WINDOWS\System32\SHCORE.dll
0x00007ffbea2d0000 - 0x00007ffbea337000 	C:\WINDOWS\System32\shlwapi.dll
0x00007ffbe95a0000 - 0x00007ffbe95c9000 	C:\WINDOWS\SYSTEM32\profapi.dll
0x00007ffbe34d0000 - 0x00007ffbe34e8000 	c:\Users\lenovo\.vscode\extensions\redhat.java-1.55.0-win32-x64\jre\21.0.11-win32-x86_64\bin\zip.dll
0x00007ffbe38c0000 - 0x00007ffbe38d0000 	C:\Users\lenovo\.vscode\extensions\redhat.java-1.55.0-win32-x64\jre\21.0.11-win32-x86_64\bin\net.dll
0x00007ffbe3dc0000 - 0x00007ffbe3ee7000 	C:\WINDOWS\SYSTEM32\WINHTTP.dll
0x00007ffbe88f0000 - 0x00007ffbe895c000 	C:\WINDOWS\system32\mswsock.dll
0x00007ffbe2ac0000 - 0x00007ffbe2ad6000 	C:\Users\lenovo\.vscode\extensions\redhat.java-1.55.0-win32-x64\jre\21.0.11-win32-x86_64\bin\nio.dll
0x00007ffbe2110000 - 0x00007ffbe2120000 	c:\Users\lenovo\.vscode\extensions\redhat.java-1.55.0-win32-x64\jre\21.0.11-win32-x86_64\bin\verify.dll
0x00007ffbaf2b0000 - 0x00007ffbaf2f5000 	C:\Users\lenovo\AppData\Roaming\Code\User\globalStorage\redhat.java\1.55.0\config_win\org.eclipse.equinox.launcher\org.eclipse.equinox.launcher.win32.win32.x86_64_1.3.100.v20260613-0559\eclipse_11924.dll
0x00007ffbeb940000 - 0x00007ffbebad9000 	C:\WINDOWS\System32\ole32.dll
0x00007ffbe8c10000 - 0x00007ffbe8c2b000 	C:\WINDOWS\SYSTEM32\CRYPTSP.dll
0x00007ffbe8290000 - 0x00007ffbe82c9000 	C:\WINDOWS\system32\rsaenh.dll
0x00007ffbe89b0000 - 0x00007ffbe89e2000 	C:\WINDOWS\SYSTEM32\USERENV.dll
0x00007ffbe9570000 - 0x00007ffbe959a000 	C:\WINDOWS\SYSTEM32\bcrypt.dll
0x00007ffbe8c30000 - 0x00007ffbe8c3c000 	C:\WINDOWS\SYSTEM32\CRYPTBASE.dll
0x00007ffbe7cd0000 - 0x00007ffbe7d03000 	C:\WINDOWS\SYSTEM32\IPHLPAPI.DLL
0x00007ffbebbe0000 - 0x00007ffbebbea000 	C:\WINDOWS\System32\NSI.dll
0x00007ffb8bfe0000 - 0x00007ffb8c029000 	C:\Users\lenovo\AppData\Local\Temp\jna--1106355917\jna16597275092082118602.dll
0x00007ffbea560000 - 0x00007ffbea568000 	C:\WINDOWS\System32\PSAPI.DLL
0x00007ffbe3350000 - 0x00007ffbe336d000 	C:\WINDOWS\SYSTEM32\dhcpcsvc6.DLL
0x00007ffbe3060000 - 0x00007ffbe3085000 	C:\WINDOWS\SYSTEM32\dhcpcsvc.DLL
0x00007ffbe2100000 - 0x00007ffbe210e000 	C:\Users\lenovo\.vscode\extensions\redhat.java-1.55.0-win32-x64\jre\21.0.11-win32-x86_64\bin\sunmscapi.dll
0x00007ffbe9680000 - 0x00007ffbe97f8000 	C:\WINDOWS\System32\CRYPT32.dll
0x00007ffbe8e50000 - 0x00007ffbe8e80000 	C:\WINDOWS\SYSTEM32\ncrypt.dll
0x00007ffbe8e00000 - 0x00007ffbe8e3f000 	C:\WINDOWS\SYSTEM32\NTASN1.dll
0x00007ffbe7d60000 - 0x00007ffbe7eb6000 	C:\WINDOWS\SYSTEM32\DNSAPI.dll
0x00007ffbe86e0000 - 0x00007ffbe86ed000 	C:\WINDOWS\SYSTEM32\DSPARSE.dll
0x00007ffbe1990000 - 0x00007ffbe199b000 	C:\Windows\System32\rasadhlp.dll
0x00007ffbe1c50000 - 0x00007ffbe1cd6000 	C:\WINDOWS\System32\fwpuclnt.dll
0x00007ffbd9e60000 - 0x00007ffbd9e69000 	C:\Users\lenovo\.vscode\extensions\redhat.java-1.55.0-win32-x64\jre\21.0.11-win32-x86_64\bin\extnet.dll

JVMTI agents:
c:\Users\lenovo\.vscode\extensions\redhat.java-1.55.0-win32-x64\lombok\lombok-1.18.39-4050.jar path:c:\Users\lenovo\.vscode\extensions\redhat.java-1.55.0-win32-x64\jre\21.0.11-win32-x86_64\bin\instrument.dll, loaded, initialized, instrumentlib options:none

dbghelp: loaded successfully - version: 4.0.5 - missing functions: none
symbol engine: initialized successfully - sym options: 0x614 - pdb path: .;c:\Users\lenovo\.vscode\extensions\redhat.java-1.55.0-win32-x64\jre\21.0.11-win32-x86_64\bin;C:\WINDOWS\SYSTEM32;C:\WINDOWS\WinSxS\amd64_microsoft.windows.common-controls_6595b64144ccf1df_6.0.26100.8894_none_3e0f749ee32e02ea;c:\Users\lenovo\.vscode\extensions\redhat.java-1.55.0-win32-x64\jre\21.0.11-win32-x86_64\bin\server;C:\Users\lenovo\AppData\Roaming\Code\User\globalStorage\redhat.java\1.55.0\config_win\org.eclipse.equinox.launcher\org.eclipse.equinox.launcher.win32.win32.x86_64_1.3.100.v20260613-0559;C:\Users\lenovo\AppData\Local\Temp\jna--1106355917

VM Arguments:
jvm_args: --add-modules=ALL-SYSTEM --add-opens=java.base/java.util=ALL-UNNAMED --add-opens=java.base/java.lang=ALL-UNNAMED --add-opens=java.base/sun.nio.fs=ALL-UNNAMED -Declipse.application=org.eclipse.jdt.ls.core.id1 -Dosgi.bundles.defaultStartLevel=4 -Declipse.product=org.eclipse.jdt.ls.core.product -Djava.import.generatesMetadataFilesAtProjectRoot=false -DDetectVMInstallationsJob.disabled=true -Dfile.encoding=utf8 -XX:+UseParallelGC -XX:GCTimeRatio=4 -XX:AdaptiveSizePolicyWeight=90 -Dsun.zip.disableMemoryMapping=true -Xmx2G -Xms100m -Xlog:disable -javaagent:c:\Users\lenovo\.vscode\extensions\redhat.java-1.55.0-win32-x64\lombok\lombok-1.18.39-4050.jar -XX:+HeapDumpOnOutOfMemoryError -XX:HeapDumpPath=c:\Users\lenovo\AppData\Roaming\Code\User\workspaceStorage\a9ac471e6b8182120a5c339000fc3641\redhat.java -Daether.dependencyCollector.impl=bf 
java_command: c:\Users\lenovo\.vscode\extensions\redhat.java-1.55.0-win32-x64\server\plugins\org.eclipse.equinox.launcher_1.7.200.v20260619-2039.jar -configuration c:\Users\lenovo\AppData\Roaming\Code\User\globalStorage\redhat.java\1.55.0\config_win -data c:\Users\lenovo\AppData\Roaming\Code\User\workspaceStorage\a9ac471e6b8182120a5c339000fc3641\redhat.java\jdt_ws --pipe=\\.\pipe\lsp-76eb52aab64ab52e5bb957ac65bc8004-sock
java_class_path (initial): c:\Users\lenovo\.vscode\extensions\redhat.java-1.55.0-win32-x64\server\plugins\org.eclipse.equinox.launcher_1.7.200.v20260619-2039.jar
Launcher Type: SUN_STANDARD

[Global flags]
    uintx AdaptiveSizePolicyWeight                 = 90                                        {product} {command line}
     intx CICompilerCount                          = 4                                         {product} {ergonomic}
    uintx GCTimeRatio                              = 4                                         {product} {command line}
     bool HeapDumpOnOutOfMemoryError               = true                                   {manageable} {command line}
    ccstr HeapDumpPath                             = c:\Users\lenovo\AppData\Roaming\Code\User\workspaceStorage\a9ac471e6b8182120a5c339000fc3641\redhat.java         {manageable} {command line}
   size_t InitialHeapSize                          = 104857600                                 {product} {command line}
   size_t MaxHeapSize                              = 2147483648                                {product} {command line}
   size_t MaxNewSize                               = 715653120                                 {product} {ergonomic}
   size_t MinHeapDeltaBytes                        = 524288                                    {product} {ergonomic}
   size_t MinHeapSize                              = 104857600                                 {product} {command line}
   size_t NewSize                                  = 34603008                                  {product} {ergonomic}
    uintx NonNMethodCodeHeapSize                   = 5839372                                {pd product} {ergonomic}
    uintx NonProfiledCodeHeapSize                  = 122909434                              {pd product} {ergonomic}
   size_t OldSize                                  = 70254592                                  {product} {ergonomic}
    uintx ProfiledCodeHeapSize                     = 122909434                              {pd product} {ergonomic}
    uintx ReservedCodeCacheSize                    = 251658240                              {pd product} {ergonomic}
     bool SegmentedCodeCache                       = true                                      {product} {ergonomic}
   size_t SoftMaxHeapSize                          = 2147483648                             {manageable} {ergonomic}
     bool UseCompressedOops                        = true                           {product lp64_product} {ergonomic}
     bool UseLargePagesIndividualAllocation        = false                                  {pd product} {ergonomic}
     bool UseParallelGC                            = true                                      {product} {command line}

Logging:
Log output configuration:
 #0: stdout all=off uptime,level,tags foldmultilines=false
 #1: stderr all=off uptime,level,tags foldmultilines=false

Release file:
JAVA_VERSION="21.0.11" 
MODULES="java.base java.compiler java.datatransfer java.xml java.prefs java.desktop java.instrument java.logging java.management java.security.sasl java.naming java.rmi java.management.rmi java.net.http java.scripting java.security.jgss java.transaction.xa java.sql java.sql.rowset java.xml.crypto java.se java.smartcardio jdk.accessibility jdk.internal.jvmstat jdk.attach jdk.charsets jdk.internal.opt jdk.zipfs jdk.compiler jdk.crypto.ec jdk.crypto.cryptoki jdk.crypto.mscapi jdk.dynalink jdk.internal.ed jdk.editpad jdk.hotspot.agent jdk.httpserver jdk.internal.le jdk.internal.vm.ci jdk.internal.vm.compiler jdk.internal.vm.compiler.management jdk.jartool jdk.javadoc jdk.jcmd jdk.management jdk.management.agent jdk.jconsole jdk.jdeps jdk.jdwp.agent jdk.jdi jdk.jfr jdk.jshell jdk.jsobject jdk.jstatd jdk.localedata jdk.management.jfr jdk.naming.dns jdk.naming.rmi jdk.net jdk.nio.mapmode jdk.random jdk.sctp jdk.security.auth jdk.security.jgss jdk.unsupported jdk.unsupported.desktop jdk.xml.dom" 

Environment Variables:
PATH=C:\Program Files\Eclipse Adoptium\jdk-25.0.3.9-hotspot\bin;C:\Program Files\Common Files\Oracle\Java\javapath;C:\WINDOWS\system32;C:\WINDOWS;C:\WINDOWS\System32\Wbem;C:\WINDOWS\System32\WindowsPowerShell\v1.0\;C:\WINDOWS\System32\OpenSSH\;C:\Program Files\MariaDB\MariaDB Connector C 64-bit\lib\;C:\Program Files\MariaDB\MariaDB Connector C 64-bit\lib\plugin\;C:\Program Files\CMake\bin;C:\Program Files\PuTTY\;C:\Program Files\Git\cmd;C:\Program Files\Apache\Maven\apache-maven-3.9.14\bin;C:\Users\lenovo\Downloads\gradle-9.5.0\bin;F:\;C:\Program Files\PostgreSQL\18\bin;;C:\Program Files\Docker\Docker\resources\bin;C:\Program Files\nodejs\;C:\Users\lenovo\AppData\Local\Programs\Python\Launcher\;C:\Program Files\MySQL\MySQL Shell 8.0\bin\;C:\Users\lenovo\AppData\Local\Microsoft\WindowsApps;C:\Users\lenovo\AppData\Local\Programs\Microsoft VS Code\bin;C:\Program Files\nodejs;C:\Program Files\MongoDB\Server\8.0\bin;C:\Program Files\mongosh\;C:\Users\lenovo\AppData\Roaming\npm
USERNAME=lenovo
OS=Windows_NT
PROCESSOR_IDENTIFIER=Intel64 Family 6 Model 142 Stepping 10, GenuineIntel
TMP=C:\Users\lenovo\AppData\Local\Temp
TEMP=C:\Users\lenovo\AppData\Local\Temp




Periodic native trim disabled

---------------  S Y S T E M  ---------------

OS:
 Windows 11 , 64 bit Build 26100 (10.0.26100.8875)
OS uptime: 1 days 14:40 hours
Hyper-V role detected

CPU: total 8 (initial active 8) (4 cores per cpu, 2 threads per core) family 6 model 142 stepping 10 microcode 0xe0, cx8, cmov, fxsr, ht, mmx, 3dnowpref, sse, sse2, sse3, ssse3, sse4.1, sse4.2, popcnt, lzcnt, tsc, tscinvbit, avx, avx2, aes, erms, clmul, bmi1, bmi2, adx, fma, vzeroupper, clflush, clflushopt, hv, rdtscp, f16c
Processor Information for the first 8 processors :
  Max Mhz: 1801, Current Mhz: 1801, Mhz Limit: 1801

Memory: 4k page, system-wide physical 8097M (1166M free)
TotalPageFile size 20476M (AvailPageFile size 73M)
current process WorkingSet (physical memory assigned to process): 13M, peak: 448M
current process commit charge ("private bytes"): 484M, peak: 523M

vm_info: OpenJDK 64-Bit Server VM (21.0.11+10-LTS) for windows-amd64 JRE (21.0.11+10-LTS), built on 2026-04-21T00:00:00Z by "admin" with MS VC++ 17.12 (VS2022)

END.
