#
# There is insufficient memory for the Java Runtime Environment to continue.
# Native memory allocation (malloc) failed to allocate 56976 bytes. Error detail: Chunk::new
# Possible reasons:
#   The system is out of physical RAM or swap space
#   This process is running with CompressedOops enabled, and the Java Heap may be blocking the growth of the native heap
# Possible solutions:
#   Reduce memory load on the system
#   Increase physical memory or swap space
#   Check if swap backing store is full
#   Decrease Java heap size (-Xmx/-Xms)
#   Decrease number of Java threads
#   Decrease Java thread stack sizes (-Xss)
#   Set larger code cache with -XX:ReservedCodeCacheSize=
#   JVM is running with Unscaled Compressed Oops mode in which the Java heap is
#     placed in the first 4GB address space. The Java Heap base address is the
#     maximum limit for the native heap growth. Please use -XX:HeapBaseMinAddress
#     to set the Java Heap base and to place the Java Heap above 4GB virtual address.
# This output file may be truncated or incomplete.
#
#  Out of Memory Error (arena.cpp:168), pid=9788, tid=16564
#
# JRE version: OpenJDK Runtime Environment Temurin-21.0.12.1+1 (21.0.12.1+1) (build 21.0.12.1+1-LTS)
# Java VM: OpenJDK 64-Bit Server VM Temurin-21.0.12.1+1 (21.0.12.1+1-LTS, mixed mode, sharing, tiered, compressed oops, compressed class ptrs, parallel gc, windows-amd64)
# No core dump will be written. Minidumps are not enabled by default on client versions of Windows
#

---------------  S U M M A R Y ------------

Command Line: --add-modules=ALL-SYSTEM --add-opens=java.base/java.util=ALL-UNNAMED --add-opens=java.base/java.lang=ALL-UNNAMED --add-opens=java.base/sun.nio.fs=ALL-UNNAMED -Declipse.application=org.eclipse.jdt.ls.core.id1 -Dosgi.bundles.defaultStartLevel=4 -Declipse.product=org.eclipse.jdt.ls.core.product -Djava.import.generatesMetadataFilesAtProjectRoot=false -Dm2e.project.cache.size=50 -DDetectVMInstallationsJob.disabled=true -Dfile.encoding=utf8 -XX:+UseParallelGC -XX:GCTimeRatio=4 -XX:AdaptiveSizePolicyWeight=90 -Dsun.zip.disableMemoryMapping=true -Xmx2G -Xms100m -Xlog:disable -javaagent:c:\Users\lenovo\.vscode\extensions\redhat.java-1.56.0-win32-x64\lombok\lombok-1.18.39-4050.jar c:\Users\lenovo\.vscode\extensions\redhat.java-1.56.0-win32-x64\server\plugins\org.eclipse.equinox.launcher_1.8.0.v20260804-1928.jar -configuration c:\Users\lenovo\AppData\Roaming\Code\User\globalStorage\redhat.java\1.56.0\config_ss_win -data c:\Users\lenovo\AppData\Roaming\Code\User\workspaceStorage\a9ac471e6b8182120a5c339000fc3641\redhat.java\ss_ws --pipe=\\.\pipe\lsp-0b11a79a77de47417483965f92ce2467-sock

Host: Intel(R) Core(TM) i5-8250U CPU @ 1.60GHz, 8 cores, 7G,  Windows 11 , 64 bit Build 26100 (10.0.26100.8875)
Time: Wed Sep 30 11:16:10 2026 India Standard Time elapsed time: 6.464604 seconds (0d 0h 0m 6s)

---------------  T H R E A D  ---------------

Current thread (0x0000021f5a3313a0):  JavaThread "C2 CompilerThread0" daemon [_thread_in_native, id=16564, stack(0x0000004b6b800000,0x0000004b6b900000) (1024K)]


Current CompileTask:
C2:6464 2164 %     4       java.util.Properties$LineReader::readLine @ 293 (584 bytes)

Stack: [0x0000004b6b800000,0x0000004b6b900000]
Native frames: (J=compiled Java code, j=interpreted, Vv=VM code, C=native code)
V  [jvm.dll+0x6d83e9]
V  [jvm.dll+0x8b5736]
V  [jvm.dll+0x8b7cee]
V  [jvm.dll+0x8b83d3]
V  [jvm.dll+0x284596]
V  [jvm.dll+0xc685d]
V  [jvm.dll+0xc6da1]
V  [jvm.dll+0x5df651]
V  [jvm.dll+0x38b701]
V  [jvm.dll+0x38ab1a]
V  [jvm.dll+0x24c700]
V  [jvm.dll+0x24bce0]
V  [jvm.dll+0x1cb4ae]
V  [jvm.dll+0x25baad]
V  [jvm.dll+0x25a03a]
V  [jvm.dll+0x3f8aae]
V  [jvm.dll+0x8600cd]
V  [jvm.dll+0x6d6c1d]
C  [ucrtbase.dll+0x2cd30]
C  [KERNEL32.DLL+0x2e957]
C  [ntdll.dll+0xaad6c]


---------------  P R O C E S S  ---------------

Threads class SMR info:
_java_thread_list=0x0000021f5bbeb650, length=16, elements={
0x0000021f41499930, 0x0000021f4396a650, 0x0000021f5a326380, 0x0000021f5a3277b0,
0x0000021f5a32a4a0, 0x0000021f5a32af00, 0x0000021f5a32b960, 0x0000021f5a3313a0,
0x0000021f5bc23880, 0x0000021f5bdc9fc0, 0x0000021f5bd74910, 0x0000021f6076de90,
0x0000021f605ca3f0, 0x0000021f607c86a0, 0x0000021f605ee3a0, 0x0000021f6008fcc0
}

Java Threads: ( => current thread )
  0x0000021f41499930 JavaThread "main"                              [_thread_blocked, id=3640, stack(0x0000004b6ae00000,0x0000004b6af00000) (1024K)]
  0x0000021f4396a650 JavaThread "Reference Handler"          daemon [_thread_blocked, id=15244, stack(0x0000004b6b200000,0x0000004b6b300000) (1024K)]
  0x0000021f5a326380 JavaThread "Finalizer"                  daemon [_thread_blocked, id=12388, stack(0x0000004b6b300000,0x0000004b6b400000) (1024K)]
  0x0000021f5a3277b0 JavaThread "Signal Dispatcher"          daemon [_thread_blocked, id=11940, stack(0x0000004b6b400000,0x0000004b6b500000) (1024K)]
  0x0000021f5a32a4a0 JavaThread "Attach Listener"            daemon [_thread_blocked, id=5768, stack(0x0000004b6b500000,0x0000004b6b600000) (1024K)]
  0x0000021f5a32af00 JavaThread "Service Thread"             daemon [_thread_blocked, id=13624, stack(0x0000004b6b600000,0x0000004b6b700000) (1024K)]
  0x0000021f5a32b960 JavaThread "Monitor Deflation Thread"   daemon [_thread_blocked, id=5304, stack(0x0000004b6b700000,0x0000004b6b800000) (1024K)]
=>0x0000021f5a3313a0 JavaThread "C2 CompilerThread0"         daemon [_thread_in_native, id=16564, stack(0x0000004b6b800000,0x0000004b6b900000) (1024K)]
  0x0000021f5bc23880 JavaThread "C1 CompilerThread0"         daemon [_thread_blocked, id=17360, stack(0x0000004b6b900000,0x0000004b6ba00000) (1024K)]
  0x0000021f5bdc9fc0 JavaThread "Common-Cleaner"             daemon [_thread_blocked, id=17328, stack(0x0000004b6bb00000,0x0000004b6bc00000) (1024K)]
  0x0000021f5bd74910 JavaThread "Notification Thread"        daemon [_thread_blocked, id=9364, stack(0x0000004b6ba00000,0x0000004b6bb00000) (1024K)]
  0x0000021f6076de90 JavaThread "Active Thread: Equinox Container: 07568494-0106-4b4b-8321-54f7e13823f3"        [_thread_blocked, id=16576, stack(0x0000004b6bc00000,0x0000004b6bd00000) (1024K)]
  0x0000021f605ca3f0 JavaThread "Framework Event Dispatcher: Equinox Container: 07568494-0106-4b4b-8321-54f7e13823f3" daemon [_thread_blocked, id=5544, stack(0x0000004b6c300000,0x0000004b6c400000) (1024K)]
  0x0000021f607c86a0 JavaThread "Start Level: Equinox Container: 07568494-0106-4b4b-8321-54f7e13823f3" daemon [_thread_in_vm, id=11332, stack(0x0000004b6c400000,0x0000004b6c500000) (1024K)]
  0x0000021f605ee3a0 JavaThread "SCR Component Actor"        daemon [_thread_blocked, id=10280, stack(0x0000004b6c600000,0x0000004b6c700000) (1024K)]
  0x0000021f6008fcc0 JavaThread "Worker-JM"                         [_thread_blocked, id=9652, stack(0x0000004b6c700000,0x0000004b6c800000) (1024K)]
Total: 16

Other Threads:
  0x0000021f4394e8d0 VMThread "VM Thread"                           [id=10688, stack(0x0000004b6b100000,0x0000004b6b200000) (1024K)]
  0x0000021f5a23ca00 WatcherThread "VM Periodic Task Thread"        [id=17200, stack(0x0000004b6b000000,0x0000004b6b100000) (1024K)]
  0x0000021f438cb9f0 WorkerThread "GC Thread#0"                     [id=16548, stack(0x0000004b6af00000,0x0000004b6b000000) (1024K)]
  0x0000021f60211a90 WorkerThread "GC Thread#1"                     [id=9096, stack(0x0000004b6bd00000,0x0000004b6be00000) (1024K)]
  0x0000021f60214f80 WorkerThread "GC Thread#2"                     [id=17400, stack(0x0000004b6be00000,0x0000004b6bf00000) (1024K)]
  0x0000021f6001f490 WorkerThread "GC Thread#3"                     [id=16696, stack(0x0000004b6bf00000,0x0000004b6c000000) (1024K)]
  0x0000021f6001f840 WorkerThread "GC Thread#4"                     [id=2296, stack(0x0000004b6c000000,0x0000004b6c100000) (1024K)]
  0x0000021f606eaca0 WorkerThread "GC Thread#5"                     [id=16760, stack(0x0000004b6c100000,0x0000004b6c200000) (1024K)]
  0x0000021f606eb050 WorkerThread "GC Thread#6"                     [id=17056, stack(0x0000004b6c200000,0x0000004b6c300000) (1024K)]
  0x0000021f605a6150 WorkerThread "GC Thread#7"                     [id=9384, stack(0x0000004b6c500000,0x0000004b6c600000) (1024K)]
Total: 10

Threads with active compile tasks:
C2 CompilerThread0  6541 2164 %     4       java.util.Properties$LineReader::readLine @ 293 (584 bytes)
Total: 1

VM state: not at safepoint (normal execution)

VM Mutex/Monitor currently owned by a thread: None

Heap address: 0x0000000080000000, size: 2048 MB, Compressed Oops mode: 32-bit

CDS archive(s) mapped at: [0x0000021f00000000-0x0000021f00ba0000-0x0000021f00ba0000), size 12189696, SharedBaseAddress: 0x0000021f00000000, ArchiveRelocationMode: 1.
Compressed class space mapped at: 0x0000021f01000000-0x0000021f41000000, reserved size: 1073741824
Narrow klass base: 0x0000021f00000000, Narrow klass shift: 0, Narrow klass range: 0x100000000

GC Precious Log:
 CardTable entry size: 512
 CPUs: 8 total, 8 available
 Memory: 8097M
 Large Page Support: Disabled
 NUMA Support: Disabled
 Compressed Oops: Enabled (32-bit)
 Alignments: Space 512K, Generation 512K, Heap 2M
 Heap Min Capacity: 100M
 Heap Initial Capacity: 100M
 Heap Max Capacity: 2G
 Pre-touch: Disabled
 Parallel Workers: 8

Heap:
 PSYoungGen      total 29696K, used 28197K [0x00000000d5580000, 0x00000000d7680000, 0x0000000100000000)
  eden space 25600K, 94% used [0x00000000d5580000,0x00000000d6d0bec0,0x00000000d6e80000)
  from space 4096K, 99% used [0x00000000d7280000,0x00000000d767d810,0x00000000d7680000)
  to   space 4096K, 0% used [0x00000000d6e80000,0x00000000d6e80000,0x00000000d7280000)
 ParOldGen       total 68608K, used 1047K [0x0000000080000000, 0x0000000084300000, 0x00000000d5580000)
  object space 68608K, 1% used [0x0000000080000000,0x0000000080105ec8,0x0000000084300000)
 Metaspace       used 12754K, committed 13248K, reserved 1114112K
  class space    used 1355K, committed 1600K, reserved 1048576K

Card table byte_map: [0x0000021f43250000,0x0000021f43660000] _byte_map_base: 0x0000021f42e50000

Marking Bits: (ParMarkBitMap*) 0x00007ffcedc744a0
 Begin Bits: [0x0000021f55d60000, 0x0000021f57d60000)
 End Bits:   [0x0000021f57d60000, 0x0000021f59d60000)

Polling page: 0x0000021f41750000

Metaspace:

Usage:
  Non-class:     11.13 MB used.
      Class:      1.32 MB used.
       Both:     12.46 MB used.

Virtual space:
  Non-class space:       64.00 MB reserved,      11.38 MB ( 18%) committed,  1 nodes.
      Class space:        1.00 GB reserved,       1.56 MB ( <1%) committed,  1 nodes.
             Both:        1.06 GB reserved,      12.94 MB (  1%) committed. 

Chunk freelists:
   Non-Class:  4.39 MB
       Class:  14.48 MB
        Both:  18.88 MB

MaxMetaspaceSize: unlimited
CompressedClassSpaceSize: 1.00 GB
Initial GC threshold: 21.00 MB
Current GC threshold: 21.00 MB
CDS: on
 - commit_granule_bytes: 65536.
 - commit_granule_words: 8192.
 - virtual_space_node_default_size: 8388608.
 - enlarge_chunks_in_place: 1.
 - use_allocation_guard: 0.


Internal statistics:

num_allocs_failed_limit: 0.
num_arena_births: 330.
num_arena_deaths: 0.
num_vsnodes_births: 2.
num_vsnodes_deaths: 0.
num_space_committed: 207.
num_space_uncommitted: 0.
num_chunks_returned_to_freelist: 0.
num_chunks_taken_from_freelist: 750.
num_chunk_merges: 0.
num_chunk_splits: 482.
num_chunks_enlarged: 315.
num_inconsistent_stats: 0.

CodeHeap 'non-profiled nmethods': size=120000Kb used=899Kb max_used=899Kb free=119100Kb
 bounds [0x0000021f4e580000, 0x0000021f4e7f0000, 0x0000021f55ab0000]
CodeHeap 'profiled nmethods': size=120000Kb used=4236Kb max_used=4236Kb free=115763Kb
 bounds [0x0000021f46ab0000, 0x0000021f46ee0000, 0x0000021f4dfe0000]
CodeHeap 'non-nmethods': size=5760Kb used=1242Kb max_used=1268Kb free=4517Kb
 bounds [0x0000021f4dfe0000, 0x0000021f4e250000, 0x0000021f4e580000]
CodeCache: size=245760Kb, used=6377Kb, max_used=6403Kb, free=239380Kb
 total_blobs=2702, nmethods=2186, adapters=422, full_count=0
Compilation: enabled, stopped_count=0, restarted_count=0

Compilation events (20 events):
Event: 6.419 Thread 0x0000021f5bc23880 2177       3       java.lang.invoke.LambdaFormEditor$TransformKey::inRange (36 bytes)
Event: 6.420 Thread 0x0000021f5bc23880 nmethod 2177 0x0000021f46ecfd10 code [0x0000021f46ecfea0, 0x0000021f46ecfff0]
Event: 6.420 Thread 0x0000021f5bc23880 2171       3       jdk.internal.misc.Unsafe::ensureClassInitialized (18 bytes)
Event: 6.421 Thread 0x0000021f5bc23880 nmethod 2171 0x0000021f46ed0090 code [0x0000021f46ed0260, 0x0000021f46ed0498]
Event: 6.421 Thread 0x0000021f5bc23880 2178       3       java.lang.reflect.Modifier::isFinal (13 bytes)
Event: 6.421 Thread 0x0000021f5bc23880 nmethod 2178 0x0000021f46ed0590 code [0x0000021f46ed0720, 0x0000021f46ed0860]
Event: 6.421 Thread 0x0000021f5bc23880 2176       1       java.lang.reflect.Field::getModifiers (5 bytes)
Event: 6.421 Thread 0x0000021f5bc23880 nmethod 2176 0x0000021f4e65fa90 code [0x0000021f4e65fc20, 0x0000021f4e65fce8]
Event: 6.421 Thread 0x0000021f5bc23880 2175       1       java.lang.reflect.Field::getName (5 bytes)
Event: 6.421 Thread 0x0000021f5bc23880 nmethod 2175 0x0000021f4e65fd90 code [0x0000021f4e65ff20, 0x0000021f4e65ffe8]
Event: 6.421 Thread 0x0000021f5bc23880 2180       3       java.lang.invoke.BoundMethodHandle$Species_L::make (11 bytes)
Event: 6.422 Thread 0x0000021f5bc23880 nmethod 2180 0x0000021f46ed0910 code [0x0000021f46ed0ac0, 0x0000021f46ed0ce0]
Event: 6.422 Thread 0x0000021f5bc23880 2181       1       java.lang.reflect.Field::getDeclaringClass (5 bytes)
Event: 6.422 Thread 0x0000021f5bc23880 nmethod 2181 0x0000021f4e660090 code [0x0000021f4e660220, 0x0000021f4e6602e8]
Event: 6.422 Thread 0x0000021f5bc23880 2182       1       java.lang.reflect.Field::getType (5 bytes)
Event: 6.422 Thread 0x0000021f5bc23880 nmethod 2182 0x0000021f4e660390 code [0x0000021f4e660520, 0x0000021f4e6605e8]
Event: 6.423 Thread 0x0000021f5bc23880 2184       1       java.lang.reflect.AccessibleObject::isAccessible (5 bytes)
Event: 6.423 Thread 0x0000021f5bc23880 nmethod 2184 0x0000021f4e660a90 code [0x0000021f4e660c20, 0x0000021f4e660cf0]
Event: 6.423 Thread 0x0000021f5bc23880 2185       3       java.lang.invoke.MethodHandle::asType (32 bytes)
Event: 6.424 Thread 0x0000021f5bc23880 nmethod 2185 0x0000021f46ed0e10 code [0x0000021f46ed1040, 0x0000021f46ed16d0]

GC Heap History (4 events):
Event: 1.982 GC heap before
{Heap before GC invocations=1 (full 0):
 PSYoungGen      total 29696K, used 25600K [0x00000000d5580000, 0x00000000d7680000, 0x0000000100000000)
  eden space 25600K, 100% used [0x00000000d5580000,0x00000000d6e80000,0x00000000d6e80000)
  from space 4096K, 0% used [0x00000000d7280000,0x00000000d7280000,0x00000000d7680000)
  to   space 4096K, 0% used [0x00000000d6e80000,0x00000000d6e80000,0x00000000d7280000)
 ParOldGen       total 68608K, used 0K [0x0000000080000000, 0x0000000084300000, 0x00000000d5580000)
  object space 68608K, 0% used [0x0000000080000000,0x0000000080000000,0x0000000084300000)
 Metaspace       used 4330K, committed 4544K, reserved 1114112K
  class space    used 474K, committed 576K, reserved 1048576K
}
Event: 2.000 GC heap after
{Heap after GC invocations=1 (full 0):
 PSYoungGen      total 29696K, used 3303K [0x00000000d5580000, 0x00000000d7680000, 0x0000000100000000)
  eden space 25600K, 0% used [0x00000000d5580000,0x00000000d5580000,0x00000000d6e80000)
  from space 4096K, 80% used [0x00000000d6e80000,0x00000000d71b9e98,0x00000000d7280000)
  to   space 4096K, 0% used [0x00000000d7280000,0x00000000d7280000,0x00000000d7680000)
 ParOldGen       total 68608K, used 0K [0x0000000080000000, 0x0000000084300000, 0x00000000d5580000)
  object space 68608K, 0% used [0x0000000080000000,0x0000000080000000,0x0000000084300000)
 Metaspace       used 4330K, committed 4544K, reserved 1114112K
  class space    used 474K, committed 576K, reserved 1048576K
}
Event: 5.040 GC heap before
{Heap before GC invocations=2 (full 0):
 PSYoungGen      total 29696K, used 28903K [0x00000000d5580000, 0x00000000d7680000, 0x0000000100000000)
  eden space 25600K, 100% used [0x00000000d5580000,0x00000000d6e80000,0x00000000d6e80000)
  from space 4096K, 80% used [0x00000000d6e80000,0x00000000d71b9e98,0x00000000d7280000)
  to   space 4096K, 0% used [0x00000000d7280000,0x00000000d7280000,0x00000000d7680000)
 ParOldGen       total 68608K, used 0K [0x0000000080000000, 0x0000000084300000, 0x00000000d5580000)
  object space 68608K, 0% used [0x0000000080000000,0x0000000080000000,0x0000000084300000)
 Metaspace       used 8160K, committed 8384K, reserved 1114112K
  class space    used 859K, committed 960K, reserved 1048576K
}
Event: 5.054 GC heap after
{Heap after GC invocations=2 (full 0):
 PSYoungGen      total 29696K, used 4086K [0x00000000d5580000, 0x00000000d7680000, 0x0000000100000000)
  eden space 25600K, 0% used [0x00000000d5580000,0x00000000d5580000,0x00000000d6e80000)
  from space 4096K, 99% used [0x00000000d7280000,0x00000000d767d810,0x00000000d7680000)
  to   space 4096K, 0% used [0x00000000d6e80000,0x00000000d6e80000,0x00000000d7280000)
 ParOldGen       total 68608K, used 1047K [0x0000000080000000, 0x0000000084300000, 0x00000000d5580000)
  object space 68608K, 1% used [0x0000000080000000,0x0000000080105ec8,0x0000000084300000)
 Metaspace       used 8160K, committed 8384K, reserved 1114112K
  class space    used 859K, committed 960K, reserved 1048576K
}

Dll operation events (18 events):
Event: 0.025 Attempting to load shared library c:\Users\lenovo\.vscode\extensions\redhat.java-1.56.0-win32-x64\jre\21.0.12.1-win32-x86_64\bin\java.dll
Event: 0.025 Loaded shared library c:\Users\lenovo\.vscode\extensions\redhat.java-1.56.0-win32-x64\jre\21.0.12.1-win32-x86_64\bin\java.dll
Event: 0.313 Attempting to load shared library c:\Users\lenovo\.vscode\extensions\redhat.java-1.56.0-win32-x64\jre\21.0.12.1-win32-x86_64\bin\zip.dll
Event: 0.313 Loaded shared library c:\Users\lenovo\.vscode\extensions\redhat.java-1.56.0-win32-x64\jre\21.0.12.1-win32-x86_64\bin\zip.dll
Event: 0.355 Attempting to load shared library C:\Users\lenovo\.vscode\extensions\redhat.java-1.56.0-win32-x64\jre\21.0.12.1-win32-x86_64\bin\instrument.dll
Event: 0.355 Loaded shared library C:\Users\lenovo\.vscode\extensions\redhat.java-1.56.0-win32-x64\jre\21.0.12.1-win32-x86_64\bin\instrument.dll
Event: 0.362 Attempting to load shared library C:\Users\lenovo\.vscode\extensions\redhat.java-1.56.0-win32-x64\jre\21.0.12.1-win32-x86_64\bin\net.dll
Event: 0.364 Loaded shared library C:\Users\lenovo\.vscode\extensions\redhat.java-1.56.0-win32-x64\jre\21.0.12.1-win32-x86_64\bin\net.dll
Event: 0.366 Attempting to load shared library C:\Users\lenovo\.vscode\extensions\redhat.java-1.56.0-win32-x64\jre\21.0.12.1-win32-x86_64\bin\nio.dll
Event: 0.367 Loaded shared library C:\Users\lenovo\.vscode\extensions\redhat.java-1.56.0-win32-x64\jre\21.0.12.1-win32-x86_64\bin\nio.dll
Event: 0.374 Attempting to load shared library C:\Users\lenovo\.vscode\extensions\redhat.java-1.56.0-win32-x64\jre\21.0.12.1-win32-x86_64\bin\zip.dll
Event: 0.374 Loaded shared library C:\Users\lenovo\.vscode\extensions\redhat.java-1.56.0-win32-x64\jre\21.0.12.1-win32-x86_64\bin\zip.dll
Event: 0.405 Attempting to load shared library C:\Users\lenovo\.vscode\extensions\redhat.java-1.56.0-win32-x64\jre\21.0.12.1-win32-x86_64\bin\jimage.dll
Event: 0.405 Loaded shared library C:\Users\lenovo\.vscode\extensions\redhat.java-1.56.0-win32-x64\jre\21.0.12.1-win32-x86_64\bin\jimage.dll
Event: 0.603 Attempting to load shared library c:\Users\lenovo\.vscode\extensions\redhat.java-1.56.0-win32-x64\jre\21.0.12.1-win32-x86_64\bin\verify.dll
Event: 0.604 Loaded shared library c:\Users\lenovo\.vscode\extensions\redhat.java-1.56.0-win32-x64\jre\21.0.12.1-win32-x86_64\bin\verify.dll
Event: 4.999 Attempting to load shared library C:\Users\lenovo\AppData\Roaming\Code\User\globalStorage\redhat.java\1.56.0\config_ss_win\org.eclipse.equinox.launcher\org.eclipse.equinox.launcher.win32.win32.x86_64_1.3.100.v20260804-1928\eclipse_11924.dll
Event: 5.013 Loaded shared library C:\Users\lenovo\AppData\Roaming\Code\User\globalStorage\redhat.java\1.56.0\config_ss_win\org.eclipse.equinox.launcher\org.eclipse.equinox.launcher.win32.win32.x86_64_1.3.100.v20260804-1928\eclipse_11924.dll

Deoptimization events (20 events):
Event: 5.777 Thread 0x0000021f607c86a0 Uncommon trap: trap_request=0xffffffc6 fr.pc=0x0000021f4e648834 relative=0x00000000000013b4
Event: 5.777 Thread 0x0000021f607c86a0 Uncommon trap: reason=bimorphic_or_optimized_type_check action=maybe_recompile pc=0x0000021f4e648834 method=java.io.DataInputStream.readFully([BII)V @ 30 c2
Event: 5.777 Thread 0x0000021f607c86a0 DEOPT PACKING pc=0x0000021f4e648834 sp=0x0000004b6c4fb410
Event: 5.777 Thread 0x0000021f607c86a0 DEOPT UNPACKING pc=0x0000021f4e033aa2 sp=0x0000004b6c4fb408 mode 2
Event: 5.777 Thread 0x0000021f607c86a0 Uncommon trap: trap_request=0xffffffc6 fr.pc=0x0000021f4e648834 relative=0x00000000000013b4
Event: 5.777 Thread 0x0000021f607c86a0 Uncommon trap: reason=bimorphic_or_optimized_type_check action=maybe_recompile pc=0x0000021f4e648834 method=java.io.DataInputStream.readFully([BII)V @ 30 c2
Event: 5.777 Thread 0x0000021f607c86a0 DEOPT PACKING pc=0x0000021f4e648834 sp=0x0000004b6c4fb400
Event: 5.777 Thread 0x0000021f607c86a0 DEOPT UNPACKING pc=0x0000021f4e033aa2 sp=0x0000004b6c4fb3f8 mode 2
Event: 5.777 Thread 0x0000021f607c86a0 Uncommon trap: trap_request=0xffffffc6 fr.pc=0x0000021f4e648834 relative=0x00000000000013b4
Event: 5.777 Thread 0x0000021f607c86a0 Uncommon trap: reason=bimorphic_or_optimized_type_check action=maybe_recompile pc=0x0000021f4e648834 method=java.io.DataInputStream.readFully([BII)V @ 30 c2
Event: 5.777 Thread 0x0000021f607c86a0 DEOPT PACKING pc=0x0000021f4e648834 sp=0x0000004b6c4fb400
Event: 5.777 Thread 0x0000021f607c86a0 DEOPT UNPACKING pc=0x0000021f4e033aa2 sp=0x0000004b6c4fb3f8 mode 2
Event: 5.777 Thread 0x0000021f607c86a0 Uncommon trap: trap_request=0xffffffc6 fr.pc=0x0000021f4e648834 relative=0x00000000000013b4
Event: 5.777 Thread 0x0000021f607c86a0 Uncommon trap: reason=bimorphic_or_optimized_type_check action=maybe_recompile pc=0x0000021f4e648834 method=java.io.DataInputStream.readFully([BII)V @ 30 c2
Event: 5.777 Thread 0x0000021f607c86a0 DEOPT PACKING pc=0x0000021f4e648834 sp=0x0000004b6c4fb400
Event: 5.777 Thread 0x0000021f607c86a0 DEOPT UNPACKING pc=0x0000021f4e033aa2 sp=0x0000004b6c4fb3f8 mode 2
Event: 6.032 Thread 0x0000021f607c86a0 Uncommon trap: trap_request=0xffffff45 fr.pc=0x0000021f4e642d78 relative=0x0000000000000a18
Event: 6.032 Thread 0x0000021f607c86a0 Uncommon trap: reason=unstable_if action=reinterpret pc=0x0000021f4e642d78 method=java.util.concurrent.ConcurrentHashMap.putVal(Ljava/lang/Object;Ljava/lang/Object;Z)Ljava/lang/Object; @ 148 c2
Event: 6.032 Thread 0x0000021f607c86a0 DEOPT PACKING pc=0x0000021f4e642d78 sp=0x0000004b6c4f96f0
Event: 6.032 Thread 0x0000021f607c86a0 DEOPT UNPACKING pc=0x0000021f4e033aa2 sp=0x0000004b6c4f9660 mode 2

Classes loaded (20 events):
Event: 6.097 Loading class java/time/zone/ZoneRulesProvider$1
Event: 6.097 Loading class java/time/zone/ZoneRulesProvider$1 done
Event: 6.097 Loading class java/time/zone/TzdbZoneRulesProvider
Event: 6.098 Loading class java/time/zone/TzdbZoneRulesProvider done
Event: 6.108 Loading class java/time/zone/Ser
Event: 6.109 Loading class java/io/Externalizable
Event: 6.109 Loading class java/io/Externalizable done
Event: 6.109 Loading class java/time/zone/Ser done
Event: 6.114 Loading class java/util/Formatter$FixedString
Event: 6.115 Loading class java/util/Formatter$FixedString done
Event: 6.181 Loading class java/util/concurrent/TimeoutException
Event: 6.181 Loading class java/util/concurrent/TimeoutException done
Event: 6.398 Loading class java/util/PropertyResourceBundle
Event: 6.401 Loading class java/util/PropertyResourceBundle done
Event: 6.402 Loading class sun/util/PropertyResourceBundleCharset
Event: 6.404 Loading class sun/util/PropertyResourceBundleCharset done
Event: 6.405 Loading class sun/util/PropertyResourceBundleCharset$PropertiesFileDecoder
Event: 6.405 Loading class sun/util/PropertyResourceBundleCharset$PropertiesFileDecoder done
Event: 6.408 Loading class java/lang/invoke/DirectMethodHandle$StaticAccessor
Event: 6.409 Loading class java/lang/invoke/DirectMethodHandle$StaticAccessor done

Classes unloaded (0 events):
No events

Classes redefined (0 events):
No events

Internal exceptions (20 events):
Event: 2.161 Thread 0x0000021f41499930 Exception <a 'java/lang/NoSuchMethodError'{0x00000000d5723970}: 'void java.lang.invoke.DirectMethodHandle$Holder.invokeStatic(java.lang.Object, java.lang.Object, java.lang.Object, java.lang.Object)'> (0x00000000d5723970) 
thrown [s\src\hotspot\share\interpreter\linkResolver.cpp, line 773]
Event: 2.163 Thread 0x0000021f41499930 Implicit null exception at 0x0000021f4e5da440 to 0x0000021f4e5da714
Event: 2.163 Thread 0x0000021f41499930 Implicit null exception at 0x0000021f4e5dc5c0 to 0x0000021f4e5dc645
Event: 2.637 Thread 0x0000021f41499930 Exception <a 'java/lang/NoSuchMethodError'{0x00000000d59e5058}: 'void java.lang.invoke.DirectMethodHandle$Holder.invokeSpecial(java.lang.Object, java.lang.Object, java.lang.Object)'> (0x00000000d59e5058) 
thrown [s\src\hotspot\share\interpreter\linkResolver.cpp, line 773]
Event: 3.558 Thread 0x0000021f41499930 Exception <a 'java/lang/NoSuchMethodError'{0x00000000d62f91e8}: 'int java.lang.invoke.DirectMethodHandle$Holder.invokeVirtual(java.lang.Object, java.lang.Object)'> (0x00000000d62f91e8) 
thrown [s\src\hotspot\share\interpreter\linkResolver.cpp, line 773]
Event: 4.000 Thread 0x0000021f41499930 Exception <a 'java/lang/NoSuchMethodError'{0x00000000d647ef38}: 'int java.lang.invoke.DirectMethodHandle$Holder.invokeStaticInit(java.lang.Object, java.lang.Object, java.lang.Object, java.lang.Object)'> (0x00000000d647ef38) 
thrown [s\src\hotspot\share\interpreter\linkResolver.cpp, line 773]
Event: 4.016 Thread 0x0000021f41499930 Exception <a 'java/lang/IncompatibleClassChangeError'{0x00000000d6487620}: Found class java.lang.Object, but interface was expected> (0x00000000d6487620) 
thrown [s\src\hotspot\share\interpreter\linkResolver.cpp, line 840]
Event: 4.021 Thread 0x0000021f41499930 Exception <a 'java/lang/NoSuchMethodError'{0x00000000d648e4b0}: 'void java.lang.invoke.DirectMethodHandle$Holder.invokeStaticInit(java.lang.Object, java.lang.Object)'> (0x00000000d648e4b0) 
thrown [s\src\hotspot\share\interpreter\linkResolver.cpp, line 773]
Event: 4.024 Thread 0x0000021f41499930 Exception <a 'java/lang/NoSuchMethodError'{0x00000000d6497f88}: 'int java.lang.invoke.DirectMethodHandle$Holder.invokeStaticInit(java.lang.Object, java.lang.Object)'> (0x00000000d6497f88) 
thrown [s\src\hotspot\share\interpreter\linkResolver.cpp, line 773]
Event: 4.226 Thread 0x0000021f41499930 Exception <a 'java/lang/NoSuchMethodError'{0x00000000d66fe9d0}: 'java.lang.Object java.lang.invoke.DirectMethodHandle$Holder.newInvokeSpecial(java.lang.Object, int, java.lang.Object)'> (0x00000000d66fe9d0) 
thrown [s\src\hotspot\share\interpreter\linkResolver.cpp, line 773]
Event: 4.467 Thread 0x0000021f41499930 Exception <a 'java/lang/ClassNotFoundException'{0x00000000d691bc88}: sun/net/www/protocol/plurl/Handler> (0x00000000d691bc88) 
thrown [s\src\hotspot\share\classfile\systemDictionary.cpp, line 313]
Event: 4.475 Thread 0x0000021f41499930 Exception <a 'java/lang/ClassNotFoundException'{0x00000000d691cb08}: sun/net/www/protocol/plurl/Handler> (0x00000000d691cb08) 
thrown [s\src\hotspot\share\classfile\systemDictionary.cpp, line 313]
Event: 4.993 Thread 0x0000021f41499930 Exception <a 'java/lang/UnsatisfiedLinkError'{0x00000000d6d58e78}: 'void org.eclipse.equinox.launcher.JNIBridge._update_splash()'> (0x00000000d6d58e78) 
thrown [s\src\hotspot\share\prims\nativeLookup.cpp, line 415]
Event: 5.190 Thread 0x0000021f607c86a0 Exception <a 'java/lang/NullPointerException'{0x00000000d58aaba0}> (0x00000000d58aaba0) 
thrown [s\src\hotspot\share\interpreter\linkResolver.cpp, line 1372]
Event: 5.190 Thread 0x0000021f607c86a0 Exception <a 'java/lang/NullPointerException'{0x00000000d58aae80}> (0x00000000d58aae80) 
thrown [s\src\hotspot\share\interpreter\linkResolver.cpp, line 1372]
Event: 5.646 Thread 0x0000021f607c86a0 Exception <a 'java/lang/NoSuchMethodError'{0x00000000d617baf8}: 'long java.lang.invoke.DirectMethodHandle$Holder.invokeSpecial(java.lang.Object, java.lang.Object)'> (0x00000000d617baf8) 
thrown [s\src\hotspot\share\interpreter\linkResolver.cpp, line 773]
Event: 5.756 Thread 0x0000021f607c86a0 Exception <a 'java/io/FileNotFoundException'{0x00000000d63757a0}> (0x00000000d63757a0) 
thrown [s\src\hotspot\share\prims\jni.cpp, line 520]
Event: 5.997 Thread 0x0000021f607c86a0 Exception <a 'java/lang/NoSuchMethodError'{0x00000000d6661f78}: 'java.lang.Object java.lang.invoke.Invokers$Holder.linkToTargetMethod(java.lang.Object, long, java.lang.Object)'> (0x00000000d6661f78) 
thrown [s\src\hotspot\share\interpreter\linkResolver.cpp, line 773]
Event: 6.184 Thread 0x0000021f607c86a0 Exception <a 'java/lang/NoSuchMethodError'{0x00000000d69eaca0}: 'void java.lang.invoke.DirectMethodHandle$Holder.invokeInterface(java.lang.Object, java.lang.Object, java.lang.Object)'> (0x00000000d69eaca0) 
thrown [s\src\hotspot\share\interpreter\linkResolver.cpp, line 773]
Event: 6.414 Thread 0x0000021f607c86a0 Exception <a 'java/lang/NoSuchMethodError'{0x00000000d6bfe198}: 'void java.lang.invoke.Invokers$Holder.invokeExact_MT(java.lang.Object, java.lang.Object, java.lang.Object)'> (0x00000000d6bfe198) 
thrown [s\src\hotspot\share\interpreter\linkResolver.cpp, line 773]

ZGC Phase Switch (0 events):
No events

VM Operations (20 events):
Event: 1.982 Executing safepoint VM operation: ParallelGCFailedAllocation (Allocation Failure)
Event: 2.001 Executing safepoint VM operation: ParallelGCFailedAllocation (Allocation Failure) done
Event: 3.004 Executing safepoint VM operation: Cleanup
Event: 3.004 Executing safepoint VM operation: Cleanup done
Event: 4.017 Executing safepoint VM operation: Cleanup
Event: 4.018 Executing safepoint VM operation: Cleanup done
Event: 4.138 Executing non-safepoint VM operation: HandshakeAllThreads (Deoptimize)
Event: 4.138 Executing non-safepoint VM operation: HandshakeAllThreads (Deoptimize) done
Event: 4.163 Executing non-safepoint VM operation: HandshakeAllThreads (Deoptimize)
Event: 4.164 Executing non-safepoint VM operation: HandshakeAllThreads (Deoptimize) done
Event: 4.437 Executing non-safepoint VM operation: HandshakeAllThreads (Deoptimize)
Event: 4.437 Executing non-safepoint VM operation: HandshakeAllThreads (Deoptimize) done
Event: 5.040 Executing safepoint VM operation: ParallelGCFailedAllocation (Allocation Failure)
Event: 5.054 Executing safepoint VM operation: ParallelGCFailedAllocation (Allocation Failure) done
Event: 5.459 Executing non-safepoint VM operation: HandshakeAllThreads (Deoptimize)
Event: 5.459 Executing non-safepoint VM operation: HandshakeAllThreads (Deoptimize) done
Event: 6.096 Executing non-safepoint VM operation: HandshakeAllThreads (Deoptimize)
Event: 6.096 Executing non-safepoint VM operation: HandshakeAllThreads (Deoptimize) done
Event: 6.096 Executing safepoint VM operation: Cleanup
Event: 6.096 Executing safepoint VM operation: Cleanup done

Memory protections (0 events):
No events

Nmethod flushes (0 events):
No events

Events (20 events):
Event: 0.185 Thread 0x0000021f41499930 Thread added: 0x0000021f5a326380
Event: 0.186 Thread 0x0000021f41499930 Thread added: 0x0000021f5a3277b0
Event: 0.186 Thread 0x0000021f41499930 Thread added: 0x0000021f5a32a4a0
Event: 0.186 Thread 0x0000021f41499930 Thread added: 0x0000021f5a32af00
Event: 0.189 Thread 0x0000021f41499930 Thread added: 0x0000021f5a32b960
Event: 0.190 Thread 0x0000021f41499930 Thread added: 0x0000021f5a3313a0
Event: 0.207 Thread 0x0000021f41499930 Thread added: 0x0000021f5bc23880
Event: 0.334 Thread 0x0000021f5bc23880 Thread added: 0x0000021f5bd74910
Event: 0.359 Thread 0x0000021f41499930 Thread added: 0x0000021f5bdc9fc0
Event: 0.817 Thread 0x0000021f5bd74910 Thread exited: 0x0000021f5bd74910
Event: 0.891 Thread 0x0000021f41499930 Thread added: 0x0000021f5bd74910
Event: 1.104 Thread 0x0000021f5bc23880 Thread added: 0x0000021f5bfa4cf0
Event: 2.074 Thread 0x0000021f5bfa4cf0 Thread exited: 0x0000021f5bfa4cf0
Event: 2.980 Thread 0x0000021f5bc23880 Thread added: 0x0000021f6068dd80
Event: 3.226 Thread 0x0000021f6068dd80 Thread exited: 0x0000021f6068dd80
Event: 4.090 Thread 0x0000021f41499930 Thread added: 0x0000021f6076de90
Event: 4.977 Thread 0x0000021f41499930 Thread added: 0x0000021f605ca3f0
Event: 4.989 Thread 0x0000021f41499930 Thread added: 0x0000021f607c86a0
Event: 5.102 Thread 0x0000021f607c86a0 Thread added: 0x0000021f605ee3a0
Event: 6.209 Thread 0x0000021f607c86a0 Thread added: 0x0000021f6008fcc0


Dynamic libraries:
0x00007ff7fb070000 - 0x00007ff7fb07e000 	c:\Users\lenovo\.vscode\extensions\redhat.java-1.56.0-win32-x64\jre\21.0.12.1-win32-x86_64\bin\java.exe
0x00007ffd97ca0000 - 0x00007ffd97f06000 	C:\WINDOWS\SYSTEM32\ntdll.dll
0x00007ffd962b0000 - 0x00007ffd96379000 	C:\WINDOWS\System32\KERNEL32.DLL
0x00007ffd95490000 - 0x00007ffd9588e000 	C:\WINDOWS\System32\KERNELBASE.dll
0x00007ffd95330000 - 0x00007ffd9547c000 	C:\WINDOWS\System32\ucrtbase.dll
0x00007ffd91030000 - 0x00007ffd91048000 	c:\Users\lenovo\.vscode\extensions\redhat.java-1.56.0-win32-x64\jre\21.0.12.1-win32-x86_64\bin\jli.dll
0x00007ffd90360000 - 0x00007ffd9037e000 	c:\Users\lenovo\.vscode\extensions\redhat.java-1.56.0-win32-x64\jre\21.0.12.1-win32-x86_64\bin\VCRUNTIME140.dll
0x00007ffd95c80000 - 0x00007ffd95e47000 	C:\WINDOWS\System32\USER32.dll
0x00007ffd95000000 - 0x00007ffd95027000 	C:\WINDOWS\System32\win32u.dll
0x00007ffd832b0000 - 0x00007ffd83542000 	C:\WINDOWS\WinSxS\amd64_microsoft.windows.common-controls_6595b64144ccf1df_6.0.26100.8894_none_3e0f749ee32e02ea\COMCTL32.dll
0x00007ffd972a0000 - 0x00007ffd972cb000 	C:\WINDOWS\System32\GDI32.dll
0x00007ffd958a0000 - 0x00007ffd959ca000 	C:\WINDOWS\System32\gdi32full.dll
0x00007ffd94ec0000 - 0x00007ffd94f63000 	C:\WINDOWS\System32\msvcp_win.dll
0x00007ffd96140000 - 0x00007ffd961e9000 	C:\WINDOWS\System32\msvcrt.dll
0x00007ffd972d0000 - 0x00007ffd97302000 	C:\WINDOWS\System32\IMM32.DLL
0x00007ffd91020000 - 0x00007ffd9102c000 	c:\Users\lenovo\.vscode\extensions\redhat.java-1.56.0-win32-x64\jre\21.0.12.1-win32-x86_64\bin\vcruntime140_1.dll
0x00007ffd8de30000 - 0x00007ffd8debd000 	c:\Users\lenovo\.vscode\extensions\redhat.java-1.56.0-win32-x64\jre\21.0.12.1-win32-x86_64\bin\msvcp140.dll
0x00007ffcecfb0000 - 0x00007ffcedd52000 	c:\Users\lenovo\.vscode\extensions\redhat.java-1.56.0-win32-x64\jre\21.0.12.1-win32-x86_64\bin\server\jvm.dll
0x00007ffd95bc0000 - 0x00007ffd95c77000 	C:\WINDOWS\System32\ADVAPI32.dll
0x00007ffd97bb0000 - 0x00007ffd97c5a000 	C:\WINDOWS\System32\sechost.dll
0x00007ffd96380000 - 0x00007ffd96498000 	C:\WINDOWS\System32\RPCRT4.dll
0x00007ffd97130000 - 0x00007ffd971b0000 	C:\WINDOWS\System32\WS2_32.dll
0x00007ffd94d20000 - 0x00007ffd94d7e000 	C:\WINDOWS\SYSTEM32\POWRPROF.dll
0x00007ffd83270000 - 0x00007ffd832a6000 	C:\WINDOWS\SYSTEM32\WINMM.dll
0x00007ffd91010000 - 0x00007ffd9101b000 	C:\WINDOWS\SYSTEM32\VERSION.dll
0x00007ffd94d00000 - 0x00007ffd94d14000 	C:\WINDOWS\SYSTEM32\UMPDC.dll
0x00007ffd93b70000 - 0x00007ffd93b8b000 	C:\WINDOWS\SYSTEM32\kernel.appcore.dll
0x00007ffd90c50000 - 0x00007ffd90c5a000 	c:\Users\lenovo\.vscode\extensions\redhat.java-1.56.0-win32-x64\jre\21.0.12.1-win32-x86_64\bin\jimage.dll
0x00007ffd92300000 - 0x00007ffd92542000 	C:\WINDOWS\SYSTEM32\DBGHELP.DLL
0x00007ffd973a0000 - 0x00007ffd97723000 	C:\WINDOWS\System32\combase.dll
0x00007ffd971c0000 - 0x00007ffd97299000 	C:\WINDOWS\System32\OLEAUT32.dll
0x00007ffd81910000 - 0x00007ffd8194b000 	C:\WINDOWS\SYSTEM32\dbgcore.DLL
0x00007ffd95030000 - 0x00007ffd950dc000 	C:\WINDOWS\System32\bcryptPrimitives.dll
0x00007ffd909d0000 - 0x00007ffd909df000 	c:\Users\lenovo\.vscode\extensions\redhat.java-1.56.0-win32-x64\jre\21.0.12.1-win32-x86_64\bin\instrument.dll
0x00007ffd901a0000 - 0x00007ffd901c0000 	c:\Users\lenovo\.vscode\extensions\redhat.java-1.56.0-win32-x64\jre\21.0.12.1-win32-x86_64\bin\java.dll
0x00007ffd96930000 - 0x00007ffd970c2000 	C:\WINDOWS\System32\SHELL32.dll
0x00007ffd92940000 - 0x00007ffd931d2000 	C:\WINDOWS\SYSTEM32\windows.storage.dll
0x00007ffd97750000 - 0x00007ffd97847000 	C:\WINDOWS\System32\SHCORE.dll
0x00007ffd95e50000 - 0x00007ffd95eb7000 	C:\WINDOWS\System32\shlwapi.dll
0x00007ffd94de0000 - 0x00007ffd94e09000 	C:\WINDOWS\SYSTEM32\profapi.dll
0x00007ffd901c0000 - 0x00007ffd901d8000 	c:\Users\lenovo\.vscode\extensions\redhat.java-1.56.0-win32-x64\jre\21.0.12.1-win32-x86_64\bin\zip.dll
0x00007ffd906d0000 - 0x00007ffd906e0000 	C:\Users\lenovo\.vscode\extensions\redhat.java-1.56.0-win32-x64\jre\21.0.12.1-win32-x86_64\bin\net.dll
0x00007ffd8ec90000 - 0x00007ffd8edb7000 	C:\WINDOWS\SYSTEM32\WINHTTP.dll
0x00007ffd94150000 - 0x00007ffd941bc000 	C:\WINDOWS\system32\mswsock.dll
0x00007ffd90060000 - 0x00007ffd90076000 	C:\Users\lenovo\.vscode\extensions\redhat.java-1.56.0-win32-x64\jre\21.0.12.1-win32-x86_64\bin\nio.dll
0x00007ffd90090000 - 0x00007ffd900a0000 	c:\Users\lenovo\.vscode\extensions\redhat.java-1.56.0-win32-x64\jre\21.0.12.1-win32-x86_64\bin\verify.dll
0x00007ffd84770000 - 0x00007ffd847b5000 	C:\Users\lenovo\AppData\Roaming\Code\User\globalStorage\redhat.java\1.56.0\config_ss_win\org.eclipse.equinox.launcher\org.eclipse.equinox.launcher.win32.win32.x86_64_1.3.100.v20260804-1928\eclipse_11924.dll
0x00007ffd97850000 - 0x00007ffd979e9000 	C:\WINDOWS\System32\ole32.dll

JVMTI agents:
c:\Users\lenovo\.vscode\extensions\redhat.java-1.56.0-win32-x64\lombok\lombok-1.18.39-4050.jar path:c:\Users\lenovo\.vscode\extensions\redhat.java-1.56.0-win32-x64\jre\21.0.12.1-win32-x86_64\bin\instrument.dll, loaded, initialized, instrumentlib options:none

dbghelp: loaded successfully - version: 4.0.5 - missing functions: none
symbol engine: initialized successfully - sym options: 0x614 - pdb path: .;c:\Users\lenovo\.vscode\extensions\redhat.java-1.56.0-win32-x64\jre\21.0.12.1-win32-x86_64\bin;C:\WINDOWS\SYSTEM32;C:\WINDOWS\WinSxS\amd64_microsoft.windows.common-controls_6595b64144ccf1df_6.0.26100.8894_none_3e0f749ee32e02ea;c:\Users\lenovo\.vscode\extensions\redhat.java-1.56.0-win32-x64\jre\21.0.12.1-win32-x86_64\bin\server;C:\Users\lenovo\AppData\Roaming\Code\User\globalStorage\redhat.java\1.56.0\config_ss_win\org.eclipse.equinox.launcher\org.eclipse.equinox.launcher.win32.win32.x86_64_1.3.100.v20260804-1928

VM Arguments:
jvm_args: --add-modules=ALL-SYSTEM --add-opens=java.base/java.util=ALL-UNNAMED --add-opens=java.base/java.lang=ALL-UNNAMED --add-opens=java.base/sun.nio.fs=ALL-UNNAMED -Declipse.application=org.eclipse.jdt.ls.core.id1 -Dosgi.bundles.defaultStartLevel=4 -Declipse.product=org.eclipse.jdt.ls.core.product -Djava.import.generatesMetadataFilesAtProjectRoot=false -Dm2e.project.cache.size=50 -DDetectVMInstallationsJob.disabled=true -Dfile.encoding=utf8 -XX:+UseParallelGC -XX:GCTimeRatio=4 -XX:AdaptiveSizePolicyWeight=90 -Dsun.zip.disableMemoryMapping=true -Xmx2G -Xms100m -Xlog:disable -javaagent:c:\Users\lenovo\.vscode\extensions\redhat.java-1.56.0-win32-x64\lombok\lombok-1.18.39-4050.jar 
java_command: c:\Users\lenovo\.vscode\extensions\redhat.java-1.56.0-win32-x64\server\plugins\org.eclipse.equinox.launcher_1.8.0.v20260804-1928.jar -configuration c:\Users\lenovo\AppData\Roaming\Code\User\globalStorage\redhat.java\1.56.0\config_ss_win -data c:\Users\lenovo\AppData\Roaming\Code\User\workspaceStorage\a9ac471e6b8182120a5c339000fc3641\redhat.java\ss_ws --pipe=\\.\pipe\lsp-0b11a79a77de47417483965f92ce2467-sock
java_class_path (initial): c:\Users\lenovo\.vscode\extensions\redhat.java-1.56.0-win32-x64\server\plugins\org.eclipse.equinox.launcher_1.8.0.v20260804-1928.jar
Launcher Type: SUN_STANDARD

[Global flags]
    uintx AdaptiveSizePolicyWeight                 = 90                                        {product} {command line}
     intx CICompilerCount                          = 4                                         {product} {ergonomic}
    uintx GCTimeRatio                              = 4                                         {product} {command line}
   size_t InitialHeapSize                          = 104857600                                 {product} {command line}
   size_t MaxHeapSize                              = 2147483648                                {product} {command line}
   size_t MaxNewSize                               = 715653120                                 {product} {ergonomic}
   size_t MinHeapDeltaBytes                        = 524288                                    {product} {ergonomic}
   size_t MinHeapSize                              = 104857600                                 {product} {command line}
   size_t NewSize                                  = 34603008                                  {product} {ergonomic}
    uintx NonNMethodCodeHeapSize                   = 5839372                                {pd product} {ergonomic}
    uintx NonProfiledCodeHeapSize                  = 122909434                              {pd product} {ergonomic}
   size_t OldSize                                  = 70254592                                  {product} {ergonomic}
    uintx ProfiledCodeHeapSize                     = 122909434                              {pd product} {ergonomic}
    uintx ReservedCodeCacheSize                    = 251658240                              {pd product} {ergonomic}
     bool SegmentedCodeCache                       = true                                      {product} {ergonomic}
   size_t SoftMaxHeapSize                          = 2147483648                             {manageable} {ergonomic}
     bool UseCompressedOops                        = true                           {product lp64_product} {ergonomic}
     bool UseLargePagesIndividualAllocation        = false                                  {pd product} {ergonomic}
     bool UseParallelGC                            = true                                      {product} {command line}

Logging:
Log output configuration:
 #0: stdout all=off uptime,level,tags foldmultilines=false
 #1: stderr all=off uptime,level,tags foldmultilines=false

Release file:
JAVA_VERSION="21.0.12.1" 
MODULES="java.base java.compiler java.datatransfer java.xml java.prefs java.desktop java.instrument java.logging java.management java.security.sasl java.naming java.rmi java.management.rmi java.net.http java.scripting java.security.jgss java.transaction.xa java.sql java.sql.rowset java.xml.crypto java.se java.smartcardio jdk.accessibility jdk.internal.jvmstat jdk.attach jdk.charsets jdk.internal.opt jdk.zipfs jdk.compiler jdk.crypto.ec jdk.crypto.cryptoki jdk.crypto.mscapi jdk.dynalink jdk.internal.ed jdk.editpad jdk.hotspot.agent jdk.httpserver jdk.internal.le jdk.internal.vm.ci jdk.internal.vm.compiler jdk.internal.vm.compiler.management jdk.jartool jdk.javadoc jdk.jcmd jdk.management jdk.management.agent jdk.jconsole jdk.jdeps jdk.jdwp.agent jdk.jdi jdk.jfr jdk.jshell jdk.jsobject jdk.jstatd jdk.localedata jdk.management.jfr jdk.naming.dns jdk.naming.rmi jdk.net jdk.nio.mapmode jdk.random jdk.sctp jdk.security.auth jdk.security.jgss jdk.unsupported jdk.unsupported.desktop jdk.xml.dom" 

Environment Variables:
PATH=C:\Program Files\Eclipse Adoptium\jdk-25.0.3.9-hotspot\bin;C:\Program Files\Common Files\Oracle\Java\javapath;C:\WINDOWS\system32;C:\WINDOWS;C:\WINDOWS\System32\Wbem;C:\WINDOWS\System32\WindowsPowerShell\v1.0\;C:\WINDOWS\System32\OpenSSH\;C:\Program Files\MariaDB\MariaDB Connector C 64-bit\lib\;C:\Program Files\MariaDB\MariaDB Connector C 64-bit\lib\plugin\;C:\Program Files\CMake\bin;C:\Program Files\PuTTY\;C:\Program Files\Git\cmd;C:\Program Files\Apache\Maven\apache-maven-3.9.14\bin;C:\Users\lenovo\Downloads\gradle-9.5.0\bin;F:\;C:\Program Files\PostgreSQL\18\bin;;C:\Program Files\Docker\Docker\resources\bin;C:\Program Files\nodejs\;C:\Program Files\k6\;C:\Program Files\k6;C:\Users\lenovo\AppData\Local\Programs\Python\Launcher\;C:\Program Files\MySQL\MySQL Shell 8.0\bin\;C:\Users\lenovo\AppData\Local\Microsoft\WindowsApps;C:\Users\lenovo\AppData\Local\Programs\Microsoft VS Code\bin;C:\Program Files\nodejs;C:\Program Files\MongoDB\Server\8.0\bin;C:\Program Files\mongosh\;C:\Users\lenovo\AppData\Roaming\npm
USERNAME=lenovo
OS=Windows_NT
PROCESSOR_IDENTIFIER=Intel64 Family 6 Model 142 Stepping 10, GenuineIntel
TMP=C:\Users\lenovo\AppData\Local\Temp
TEMP=C:\Users\lenovo\AppData\Local\Temp




Periodic native trim disabled

---------------  S Y S T E M  ---------------

OS:
 Windows 11 , 64 bit Build 26100 (10.0.26100.8875)
OS uptime: 0 days 1:30 hours
Hyper-V role detected

CPU: total 8 (initial active 8) (4 cores per cpu, 2 threads per core) family 6 model 142 stepping 10 microcode 0xe0, cx8, cmov, fxsr, ht, mmx, 3dnowpref, sse, sse2, sse3, ssse3, sse4.1, sse4.2, popcnt, lzcnt, tsc, tscinvbit, avx, avx2, aes, erms, clmul, bmi1, bmi2, adx, fma, vzeroupper, clflush, clflushopt, hv, rdtscp, f16c
Processor Information for the first 8 processors :
  Max Mhz: 1801, Current Mhz: 1500, Mhz Limit: 1494

Memory: 4k page, system-wide physical 8097M (325M free)
TotalPageFile size 15187M (AvailPageFile size 0M)
current process WorkingSet (physical memory assigned to process): 102M, peak: 103M
current process commit charge ("private bytes"): 247M, peak: 247M

vm_info: OpenJDK 64-Bit Server VM (21.0.12.1+1-LTS) for windows-amd64 JRE (21.0.12.1+1-LTS), built on 2026-08-18T00:00:00Z by "admin" with MS VC++ 17.12 (VS2022)

END.
